Component: ARM Compiler 5.06 update 4 (build 422) Tool: armlink [4d35d2]

==============================================================================

Section Cross References

    main.o(i.cons_callback) refers to my_printf.o(i.phy_printf) for phy_printf
    main.o(i.hal_init) refers to common.o(i.hal_system_init) for hal_system_init
    main.o(i.hal_init) refers to clock.o(i.hal_rtc_clock_config) for hal_rtc_clock_config
    main.o(i.hal_init) refers to pwrmgr.o(i.hal_pwrmgr_RAM_retention) for hal_pwrmgr_RAM_retention
    main.o(i.hal_init) refers to gpio.o(i.hal_gpio_init) for hal_gpio_init
    main.o(i.hal_init) refers to adc.o(i.hal_adc_init) for hal_adc_init
    main.o(i.hal_init) refers to phy_console.o(i.console_init) for console_init
    main.o(i.hal_init) refers to my_printf.o(i.phy_printf) for phy_printf
    main.o(i.hal_init) refers to main.o(.data) for g_clk32K_config
    main.o(i.hal_init) refers to main.o(i.cons_callback) for cons_callback
    main.o(i.hal_init) refers to main.o(.constdata) for s_cmd_list
    main.o(i.hal_rfphy_init) refers to patch.o(i.hal_rom_code_ini) for hal_rom_code_ini
    main.o(i.hal_rfphy_init) refers to gpio.o(i.hal_gpio_pull_set) for hal_gpio_pull_set
    main.o(i.hal_rfphy_init) refers to common.o(i.subWriteReg) for subWriteReg
    main.o(i.hal_rfphy_init) refers to main.o(i.__NVIC_SetPriority) for __NVIC_SetPriority
    main.o(i.hal_rfphy_init) refers to pwrmgr.o(i.hal_pwrmgr_register) for hal_pwrmgr_register
    main.o(i.hal_rfphy_init) refers to main.o(i.rf_wakeup_handler) for rf_wakeup_handler
    main.o(i.main) refers to patch.o(i.init_config) for init_config
    main.o(i.main) refers to pwrmgr.o(i.hal_pwrmgr_init) for hal_pwrmgr_init
    main.o(i.main) refers to main.o(i.hal_rfphy_init) for hal_rfphy_init
    main.o(i.main) refers to main.o(i.hal_init) for hal_init
    main.o(i.main) refers to wrist_main.o(i.app_main) for app_main
    main.o(i.main) refers to main.o(.data) for g_clk32K_config
    main.o(i.main) refers to main.o(.bss) for g_largeHeap
    main.o(i.rf_wakeup_handler) refers to main.o(i.__NVIC_SetPriority) for __NVIC_SetPriority
    main.o(.constdata) refers to main.o(.conststring) for .conststring
    devinfoservice.o(i.DevInfo_AddService) refers to gattservapp.o(i.GATTServApp_RegisterService) for GATTServApp_RegisterService
    devinfoservice.o(i.DevInfo_AddService) refers to devinfoservice.o(.constdata) for devInfoCBs
    devinfoservice.o(i.DevInfo_AddService) refers to devinfoservice.o(.data) for devInfoAttrTbl
    devinfoservice.o(i.DevInfo_GetParameter) refers to devinfoservice.o(.data) for devInfoSystemId
    devinfoservice.o(i.DevInfo_GetParameter) refers to devinfoservice.o(.constdata) for devInfoModelNumber
    devinfoservice.o(i.DevInfo_SetParameter) refers to devinfoservice.o(.data) for devInfoSystemId
    devinfoservice.o(i.devInfo_ReadAttrCB) refers to devinfoservice.o(.data) for devInfoSystemId
    devinfoservice.o(i.devInfo_ReadAttrCB) refers to devinfoservice.o(.constdata) for devInfoModelNumber
    devinfoservice.o(.constdata) refers to devinfoservice.o(i.devInfo_ReadAttrCB) for devInfo_ReadAttrCB
    devinfoservice.o(.data) refers to devinfoservice.o(.constdata) for devInfoService
    gattservapp.o(i.GATTServApp_AddService) refers to gattservapp.o(i.GATTServApp_RegisterService) for GATTServApp_RegisterService
    gattservapp.o(i.GATTServApp_AddService) refers to gattservapp.o(.constdata) for gattServiceCBs
    gattservapp.o(i.GATTServApp_AddService) refers to gattservapp.o(.data) for gattAttrTbl
    gattservapp.o(i.GATTServApp_DelService) refers to gattservapp.o(i.GATTServApp_DeregisterService) for GATTServApp_DeregisterService
    gattservapp.o(i.GATTServApp_DelService) refers to gattservapp.o(.data) for gattAttrTbl
    gattservapp.o(i.GATTServApp_DeregisterService) refers to gattservapp.o(i.gattServApp_DeregisterServiceCBs) for gattServApp_DeregisterServiceCBs
    gattservapp.o(i.GATTServApp_GetParameter) refers to gattservapp.o(.data) for maxNumPrepareWrites
    gattservapp.o(i.GATTServApp_Init) refers to gattservapp.o(i.GATTServApp_InitCharCfg) for GATTServApp_InitCharCfg
    gattservapp.o(i.GATTServApp_Init) refers to gattservapp.o(i.gattServApp_SetNumPrepareWrites) for gattServApp_SetNumPrepareWrites
    gattservapp.o(i.GATTServApp_Init) refers to gattservapp.o(.data) for GATTServApp_TaskID
    gattservapp.o(i.GATTServApp_Init) refers to gattservapp.o(i.gattServApp_HandleConnStatusCB) for gattServApp_HandleConnStatusCB
    gattservapp.o(i.GATTServApp_InitCharCfg) refers to gattservapp.o(i.gattServApp_FindCharCfgItem) for gattServApp_FindCharCfgItem
    gattservapp.o(i.GATTServApp_ProcessCCCWriteReq) refers to gattservapp.o(i.GATTServApp_ReadCharCfg) for GATTServApp_ReadCharCfg
    gattservapp.o(i.GATTServApp_ProcessCCCWriteReq) refers to gattservapp.o(i.GATTServApp_WriteCharCfg) for GATTServApp_WriteCharCfg
[...]
    smTaskID                                 0x1fff1200   Data           0  rom1Sym.txt ABSOLUTE
    hciPTMenabled                            0x1fff1202   Data           0  rom1Sym.txt ABSOLUTE
    ctrlToHostEnable                         0x1fff1203   Data           0  rom1Sym.txt ABSOLUTE
    numHostBufs                              0x1fff1204   Data           0  rom1Sym.txt ABSOLUTE
    hciCtrlCmdToken                          0x1fff1206   Data           0  rom1Sym.txt ABSOLUTE
    bleEvtMask                               0x1fff1208   Data           0  rom1Sym.txt ABSOLUTE
    pHciEvtMask                              0x1fff120c   Data           0  rom1Sym.txt ABSOLUTE
    hciTaskID                                0x1fff1214   Data           0  rom1Sym.txt ABSOLUTE
    hciTestTaskID                            0x1fff1215   Data           0  rom1Sym.txt ABSOLUTE
    hciGapTaskID                             0x1fff1216   Data           0  rom1Sym.txt ABSOLUTE
    hciL2capTaskID                           0x1fff1217   Data           0  rom1Sym.txt ABSOLUTE
    hciSmpTaskID                             0x1fff1218   Data           0  rom1Sym.txt ABSOLUTE
    hciExtTaskID                             0x1fff1219   Data           0  rom1Sym.txt ABSOLUTE
    LL_TaskID                                0x1fff121c   Data           0  rom1Sym.txt ABSOLUTE
    llState                                  0x1fff121d   Data           0  rom1Sym.txt ABSOLUTE
    numComplPkts                             0x1fff121e   Data           0  rom1Sym.txt ABSOLUTE
    numComplPktsLimit                        0x1fff121f   Data           0  rom1Sym.txt ABSOLUTE
    fastTxRespTime                           0x1fff1220   Data           0  rom1Sym.txt ABSOLUTE
    g_llWlDeviceNum                          0x1fff1221   Data           0  rom1Sym.txt ABSOLUTE
    rxFifoFlowCtrl                           0x1fff1222   Data           0  rom1Sym.txt ABSOLUTE
    llSecondaryState                         0x1fff1223   Data           0  rom1Sym.txt ABSOLUTE
    g_llHdcDirAdvTime                        0x1fff1228   Data           0  rom1Sym.txt ABSOLUTE
    chanMapUpdate                            0x1fff122c   Data           0  rom1Sym.txt ABSOLUTE
    verInfo                                  0x1fff123e   Data           0  rom1Sym.txt ABSOLUTE
    peerInfo                                 0x1fff1244   Data           0  rom1Sym.txt ABSOLUTE
    ctrlDataIsProcess                        0x1fff124b   Data           0  rom1Sym.txt ABSOLUTE
    ctrlDataIsPending                        0x1fff124c   Data           0  rom1Sym.txt ABSOLUTE
    connId                                   0x1fff124d   Data           0  rom1Sym.txt ABSOLUTE
    onePktPerEvt                             0x1fff124e   Data           0  rom1Sym.txt ABSOLUTE
    g_adv_taskID                             0x1fff1250   Data           0  rom1Sym.txt ABSOLUTE
    g_conn_taskID                            0x1fff1251   Data           0  rom1Sym.txt ABSOLUTE
    g_smartWindowRTOCnt                      0x1fff1252   Data           0  rom1Sym.txt ABSOLUTE
    g_same_rf_channel_flag                   0x1fff1253   Data           0  rom1Sym.txt ABSOLUTE
    g_adv_taskEvent                          0x1fff1254   Data           0  rom1Sym.txt ABSOLUTE
    g_conn_taskEvent                         0x1fff1256   Data           0  rom1Sym.txt ABSOLUTE
    llWaitingIrq                             0x1fff1258   Data           0  rom1Sym.txt ABSOLUTE
    ISR_entry_time                           0x1fff125c   Data           0  rom1Sym.txt ABSOLUTE
    slave_conn_event_recv_delay              0x1fff1260   Data           0  rom1Sym.txt ABSOLUTE
    g_smartWindowLater                       0x1fff1264   Data           0  rom1Sym.txt ABSOLUTE
    g_smartWindowActiveCnt                   0x1fff1268   Data           0  rom1Sym.txt ABSOLUTE
    g_smartWindowPreAnchPoint                0x1fff126c   Data           0  rom1Sym.txt ABSOLUTE
    g_getPn23_cnt                            0x1fff1270   Data           0  rom1Sym.txt ABSOLUTE
    g_getPn23_seed                           0x1fff1274   Data           0  rom1Sym.txt ABSOLUTE
    llScanTime                               0x1fff1278   Data           0  rom1Sym.txt ABSOLUTE
    LL_PLUS_AdvDataFilterCBack               0x1fff127c   Data           0  rom1Sym.txt ABSOLUTE
    LL_PLUS_ScanRequestFilterCBack           0x1fff1280   Data           0  rom1Sym.txt ABSOLUTE
    llScanT1                                 0x1fff1284   Data           0  rom1Sym.txt ABSOLUTE
    llCurrentScanChn                         0x1fff1288   Data           0  rom1Sym.txt ABSOLUTE
    g_dle_taskID                             0x1fff128c   Data           0  rom1Sym.txt ABSOLUTE
    g_dle_taskEvent                          0x1fff128e   Data           0  rom1Sym.txt ABSOLUTE
    g_phyChg_taskID                          0x1fff1290   Data           0  rom1Sym.txt ABSOLUTE
    g_phyChg_taskEvent                       0x1fff1292   Data           0  rom1Sym.txt ABSOLUTE
    g_smartWindowSize                        0x1fff1294   Data           0  rom1Sym.txt ABSOLUTE
    g_smartWindowSizeNew                     0x1fff1298   Data           0  rom1Sym.txt ABSOLUTE
    g_smartWindowActive                      0x1fff129c   Data           0  rom1Sym.txt ABSOLUTE
    sleep_flag                               0x1fff12a4   Data           0  rom1Sym.txt ABSOLUTE
    g_wakeup_rtc_tick                        0x1fff12a8   Data           0  rom1Sym.txt ABSOLUTE
    g_counter_traking_avg                    0x1fff12ac   Data           0  rom1Sym.txt ABSOLUTE
    g_TIM2_IRQ_TIM3_CurrCount                0x1fff12b0   Data           0  rom1Sym.txt ABSOLUTE
    g_TIM2_IRQ_to_Sleep_DeltTick             0x1fff12b4   Data           0  rom1Sym.txt ABSOLUTE
    g_TIM2_IRQ_PendingTick                   0x1fff12b8   Data           0  rom1Sym.txt ABSOLUTE
    g_osal_tick_trim                         0x1fff12bc   Data           0  rom1Sym.txt ABSOLUTE
    g_osalTickTrim_mod                       0x1fff12c0   Data           0  rom1Sym.txt ABSOLUTE
    rtc_mod_value                            0x1fff12c4   Data           0  rom1Sym.txt ABSOLUTE
    g_counter_traking_cnt                    0x1fff12c8   Data           0  rom1Sym.txt ABSOLUTE
    counter_tracking                         0x1fff12d4   Data           0  rom1Sym.txt ABSOLUTE
    g_TIM2_wakeup_delay                      0x1fff12d8   Data           0  rom1Sym.txt ABSOLUTE
    g_rfPhyXtalCap                           0x1fff12dc   Data           0  rom1Sym.txt ABSOLUTE
    g_rfPhyTpCal0                            0x1fff12dd   Data           0  rom1Sym.txt ABSOLUTE
    g_rfPhyTpCal1                            0x1fff12de   Data           0  rom1Sym.txt ABSOLUTE
    g_rfPhyTpCal0_2Mbps                      0x1fff12df   Data           0  rom1Sym.txt ABSOLUTE
    g_rfPhyTpCal1_2Mbps                      0x1fff12e0   Data           0  rom1Sym.txt ABSOLUTE
    g_rfPhyTxPower                           0x1fff12e1   Data           0  rom1Sym.txt ABSOLUTE
    g_rfPhyPktFmt                            0x1fff12e2   Data           0  rom1Sym.txt ABSOLUTE
    g_system_clk                             0x1fff12e3   Data           0  rom1Sym.txt ABSOLUTE
    g_rfPhyRxDcIQ                            0x1fff12f8   Data           0  rom1Sym.txt ABSOLUTE
    g_rfPhyFreqOffSet                        0x1fff1300   Data           0  rom1Sym.txt ABSOLUTE
    Qx                                       0x1fff15c0   Data           0  rom1Sym.txt ABSOLUTE
    Qy                                       0x1fff1600   Data           0  rom1Sym.txt ABSOLUTE
    Qz                                       0x1fff1640   Data           0  rom1Sym.txt ABSOLUTE
    rom_urx_buf                              0x1fff1680   Data           0  rom1Sym.txt ABSOLUTE
    rom_utx_buf                              0x1fff1780   Data           0  rom1Sym.txt ABSOLUTE
    burn_buf                                 0x1fff1880   Data           0  rom1Sym.txt ABSOLUTE
    adc_buf                                  0x1fff18d8   Data           0  rom1Sym.txt ABSOLUTE
    cbTimers                                 0x1fff1958   Data           0  rom1Sym.txt ABSOLUTE
    clientInfoTbl                            0x1fff19ec   Data           0  rom1Sym.txt ABSOLUTE
    l2capFixedChannels                       0x1fff1c04   Data           0  rom1Sym.txt ABSOLUTE
    l2capChannels                            0x1fff1c14   Data           0  rom1Sym.txt ABSOLUTE
    l2capReassemblePkt                       0x1fff1c34   Data           0  rom1Sym.txt ABSOLUTE
    l2capSegmentPkt                          0x1fff1c44   Data           0  rom1Sym.txt ABSOLUTE
    g_sarDbgCnt                              0x1fff1ca0   Data           0  rom1Sym.txt ABSOLUTE
    adv_param                                0x1fff1d2c   Data           0  rom1Sym.txt ABSOLUTE
    scanInfo                                 0x1fff1d42   Data           0  rom1Sym.txt ABSOLUTE
    initInfo                                 0x1fff1d5a   Data           0  rom1Sym.txt ABSOLUTE
    conn_param                               0x1fff1d6c   Data           0  rom1Sym.txt ABSOLUTE
    deviceFeatureSet                         0x1fff1ea4   Data           0  rom1Sym.txt ABSOLUTE
    g_llWhitelist                            0x1fff1ead   Data           0  rom1Sym.txt ABSOLUTE
    ll_buf                                   0x1fff1ee8   Data           0  rom1Sym.txt ABSOLUTE
    g_pmCounters                             0x1fff3bd0   Data           0  rom1Sym.txt ABSOLUTE
    g_llPduLen                               0x1fff3c68   Data           0  rom1Sym.txt ABSOLUTE
    g_llPhyModeCtrl                          0x1fff3c84   Data           0  rom1Sym.txt ABSOLUTE
    rfCounters                               0x1fff3c9c   Data           0  rom1Sym.txt ABSOLUTE
    ctrlData                                 0x1fff3ca8   Data           0  rom1Sym.txt ABSOLUTE
    dataPkt                                  0x1fff3ccc   Data           0  rom1Sym.txt ABSOLUTE
    cachedTRNGdata                           0x1fff3cec   Data           0  rom1Sym.txt ABSOLUTE
    whiten_seed                              0x1fff3cf8   Data           0  rom1Sym.txt ABSOLUTE
    g_perStatsByChan                         0x1fff3d20   Data           0  rom1Sym.txt ABSOLUTE
    __Vectors                                0x1fff4800   Data           4  startup_armcm0.o(RESET)
    __Vectors_End                            0x1fff48c0   Data           0  startup_armcm0.o(RESET)
    __main                                   0x1fff48c1   Thumb Code     0  entry.o(.ARM.Collect$$$$00000000)
    _main_stk                                0x1fff48c1   Thumb Code     0  entry2.o(.ARM.Collect$$$$00000001)
    _main_scatterload                        0x1fff48c5   Thumb Code     0  entry5.o(.ARM.Collect$$$$00000004)
    __main_after_scatterload                 0x1fff48c9   Thumb Code     0  entry5.o(.ARM.Collect$$$$00000004)
    _main_clock                              0x1fff48c9   Thumb Code     0  entry7b.o(.ARM.Collect$$$$00000008)
    _main_cpp_init                           0x1fff48c9   Thumb Code     0  entry8b.o(.ARM.Collect$$$$0000000A)
    _main_init                               0x1fff48c9   Thumb Code     0  entry9a.o(.ARM.Collect$$$$0000000B)
    __rt_final_cpp                           0x1fff48d1   Thumb Code     0  entry10a.o(.ARM.Collect$$$$0000000D)
    __rt_final_exit                          0x1fff48d1   Thumb Code     0  entry11a.o(.ARM.Collect$$$$0000000F)
    Reset_Handler                            0x1fff48d5   Thumb Code     8  startup_armcm0.o(.text)
    NMI_Handler                              0x1fff48dd   Thumb Code     2  startup_armcm0.o(.text)
    HardFault_Handler                        0x1fff48df   Thumb Code     2  startup_armcm0.o(.text)
    SVC_Handler                              0x1fff48e1   Thumb Code     2  startup_armcm0.o(.text)
    PendSV_Handler                           0x1fff48e3   Thumb Code     2  startup_armcm0.o(.text)
    SysTick_Handler                          0x1fff48e5   Thumb Code     2  startup_armcm0.o(.text)
    AACI_IRQHandler                          0x1fff48e7   Thumb Code     0  startup_armcm0.o(.text)
    CAN_IRQHandler                           0x1fff48e7   Thumb Code     0  startup_armcm0.o(.text)
    CHLCD_IRQHandler                         0x1fff48e7   Thumb Code     0  startup_armcm0.o(.text)
    CLCD_IRQHandler                          0x1fff48e7   Thumb Code     0  startup_armcm0.o(.text)
    CPU_CLCD_IRQHandler                      0x1fff48e7   Thumb Code     0  startup_armcm0.o(.text)
    ENET_IRQHandler                          0x1fff48e7   Thumb Code     0  startup_armcm0.o(.text)
    FLEXRAY_IRQHandler                       0x1fff48e7   Thumb Code     0  startup_armcm0.o(.text)
    I2C_IRQHandler                           0x1fff48e7   Thumb Code     0  startup_armcm0.o(.text)
    LIN_IRQHandler                           0x1fff48e7   Thumb Code     0  startup_armcm0.o(.text)
    MCIA_IRQHandler                          0x1fff48e7   Thumb Code     0  startup_armcm0.o(.text)
    MCIB_IRQHandler                          0x1fff48e7   Thumb Code     0  startup_armcm0.o(.text)
    RTC_IRQHandler                           0x1fff48e7   Thumb Code     0  startup_armcm0.o(.text)
    SPI_IRQHandler                           0x1fff48e7   Thumb Code     0  startup_armcm0.o(.text)
    TIM0_IRQHandler                          0x1fff48e7   Thumb Code     0  startup_armcm0.o(.text)
    TIM2_IRQHandler                          0x1fff48e7   Thumb Code     0  startup_armcm0.o(.text)
    UART0_IRQHandler                         0x1fff48e7   Thumb Code     0  startup_armcm0.o(.text)
    UART1_IRQHandler                         0x1fff48e7   Thumb Code     0  startup_armcm0.o(.text)
    UART2_IRQHandler                         0x1fff48e7   Thumb Code     0  startup_armcm0.o(.text)
    UART3_IRQHandler                         0x1fff48e7   Thumb Code     0  startup_armcm0.o(.text)
    UART4_IRQHandler                         0x1fff48e7   Thumb Code     0  startup_armcm0.o(.text)
    USBDC_IRQHandler                         0x1fff48e7   Thumb Code     0  startup_armcm0.o(.text)
    USBHC_IRQHandler                         0x1fff48e7   Thumb Code     0  startup_armcm0.o(.text)
    WDT_IRQHandler                           0x1fff48e7   Thumb Code     0  startup_armcm0.o(.text)
    __aeabi_uldivmod                         0x1fff48f1   Thumb Code    96  uldiv.o(.text)
    __aeabi_lmul                             0x1fff4951   Thumb Code   122  llmul.o(.text)
    _ll_mul                                  0x1fff4951   Thumb Code     0  llmul.o(.text)
    mktime                                   0x1fff49cd   Thumb Code   124  mktime.o(.text)
    __aeabi_memcpy                           0x1fff4a59   Thumb Code    36  memcpya.o(.text)
    __aeabi_memcpy4                          0x1fff4a59   Thumb Code     0  memcpya.o(.text)
    __aeabi_memcpy8                          0x1fff4a59   Thumb Code     0  memcpya.o(.text)
    __aeabi_memset                           0x1fff4a7d   Thumb Code    14  memseta.o(.text)
    __aeabi_memset4                          0x1fff4a7d   Thumb Code     0  memseta.o(.text)
    __aeabi_memset8                          0x1fff4a7d   Thumb Code     0  memseta.o(.text)
    __aeabi_memclr                           0x1fff4a8b   Thumb Code     4  memseta.o(.text)
    __aeabi_memclr4                          0x1fff4a8b   Thumb Code     0  memseta.o(.text)
    __aeabi_memclr8                          0x1fff4a8b   Thumb Code     0  memseta.o(.text)
    _memset$wrapper                          0x1fff4a8f   Thumb Code    18  memseta.o(.text)
    strcmp                                   0x1fff4aa1   Thumb Code    28  strcmp.o(.text)
    strtok                                   0x1fff4abd   Thumb Code    68  strtok.o(.text)
    atoi                                     0x1fff4b05   Thumb Code    26  atoi.o(.text)
    __aeabi_fadd                             0x1fff4b1f   Thumb Code   162  fadd.o(.text)
    __aeabi_fsub                             0x1fff4bc1   Thumb Code     8  fadd.o(.text)
    __aeabi_frsub                            0x1fff4bc9   Thumb Code     8  fadd.o(.text)
    __aeabi_fmul                             0x1fff4bd1   Thumb Code   122  fmul.o(.text)
    __aeabi_fdiv                             0x1fff4c4b   Thumb Code   124  fdiv.o(.text)
    __aeabi_ddiv                             0x1fff4cc9   Thumb Code   234  ddiv.o(.text)
    __aeabi_i2f                              0x1fff4db9   Thumb Code    22  fflti.o(.text)
    __aeabi_ui2f                             0x1fff4dcf   Thumb Code    14  ffltui.o(.text)
    __aeabi_i2d                              0x1fff4ddd   Thumb Code    34  dflti.o(.text)
    __aeabi_d2f                              0x1fff4e05   Thumb Code    56  d2f.o(.text)
    __aeabi_llsl                             0x1fff4e3d   Thumb Code    32  llshl.o(.text)
    _ll_shift_l                              0x1fff4e3d   Thumb Code     0  llshl.o(.text)
    __aeabi_llsr                             0x1fff4e5d   Thumb Code    34  llushr.o(.text)
    _ll_ushift_r                             0x1fff4e5d   Thumb Code     0  llushr.o(.text)
    localtime                                0x1fff4e81   Thumb Code    10  localtime_w.o(.text)
    _localtime                               0x1fff4e91   Thumb Code   104  localtime_i.o(.text)
    strtol                                   0x1fff4f05   Thumb Code   108  strtol.o(.text)
    __I$use$fp                               0x1fff4f75   Thumb Code     0  iusefp.o(.text)
    _float_round                             0x1fff4f75   Thumb Code    16  fepilogue.o(.text)
    _float_epilogue                          0x1fff4f85   Thumb Code   114  fepilogue.o(.text)
    _double_round                            0x1fff4ff7   Thumb Code    26  depilogue.o(.text)
    _double_epilogue                         0x1fff5011   Thumb Code   164  depilogue.o(.text)
    __scatterload                            0x1fff50b5   Thumb Code    28  init.o(.text)
    __scatterload_rt2                        0x1fff50b5   Thumb Code     0  init.o(.text)
    __rt_ctype_table                         0x1fff50d9   Thumb Code     4  ctype_o.o(.text)
    _strtoul                                 0x1fff50e1   Thumb Code   166  _strtoul.o(.text)
    _chval                                   0x1fff5187   Thumb Code    30  _chval.o(.text)
    __decompress                             0x1fff51a5   Thumb Code     0  __dczerorl2.o(.text)
    __decompress1                            0x1fff51a5   Thumb Code    86  __dczerorl2.o(.text)
    Long Thumb to Thumb Veneer to __aeabi_idivmod 0x1fff51fd   Thumb Code    12  anon$$obj.o(Veneer$$Code)
    Long Thumb to Thumb Veneer to __aeabi_uidivmod 0x1fff5209   Thumb Code    12  anon$$obj.o(Veneer$$Code)
    Long Thumb to Thumb Veneer to osal_memcpy 0x1fff5215   Thumb Code    12  anon$$obj.o(Veneer$$Code)
    Long Thumb to Thumb Veneer to osal_memset 0x1fff5221   Thumb Code    12  anon$$obj.o(Veneer$$Code)
    Long Thumb to Thumb Veneer to osal_isbufset 0x1fff522d   Thumb Code    12  anon$$obj.o(Veneer$$Code)
    Long Thumb to Thumb Veneer to GAP_Signable 0x1fff5239   Thumb Code    12  anon$$obj.o(Veneer$$Code)
    Long Thumb to Thumb Veneer to GAP_SetParamValue 0x1fff5245   Thumb Code    12  anon$$obj.o(Veneer$$Code)
    Long Thumb to Thumb Veneer to __ARM_common_switch8 0x1fff5251   Thumb Code    12  anon$$obj.o(Veneer$$Code)
    Long Thumb to Thumb Veneer to GAP_GetParamValue 0x1fff525d   Thumb Code    12  anon$$obj.o(Veneer$$Code)
    Long Thumb to Thumb Veneer to GAP_RegisterForHCIMsgs 0x1fff5269   Thumb Code    12  anon$$obj.o(Veneer$$Code)
    Long Thumb to Thumb Veneer to osal_msg_receive 0x1fff5275   Thumb Code    12  anon$$obj.o(Veneer$$Code)
    Long Thumb to Thumb Veneer to osal_msg_deallocate 0x1fff5281   Thumb Code    12  anon$$obj.o(Veneer$$Code)
    Long Thumb to Thumb Veneer to GAP_MakeDiscoverable 0x1fff528d   Thumb Code    12  anon$$obj.o(Veneer$$Code)
    Long Thumb to Thumb Veneer to HCI_ReadRssiCmd 0x1fff5299   Thumb Code    12  anon$$obj.o(Veneer$$Code)
    Long Thumb to Thumb Veneer to osal_start_timerEx 0x1fff52a5   Thumb Code    12  anon$$obj.o(Veneer$$Code)
    Long Thumb to Thumb Veneer to osal_stop_timerEx 0x1fff52b1   Thumb Code    12  anon$$obj.o(Veneer$$Code)
    Long Thumb to Thumb Veneer to GAP_EndDiscoverable 0x1fff52bd   Thumb Code    12  anon$$obj.o(Veneer$$Code)
    Long Thumb to Thumb Veneer to osal_set_event 0x1fff52c9   Thumb Code    12  anon$$obj.o(Veneer$$Code)
    Long Thumb to Thumb Veneer to GAP_UpdateAdvertisingData 0x1fff52d5   Thumb Code    12  anon$$obj.o(Veneer$$Code)
    Long Thumb to Thumb Veneer to osal_get_timeoutEx 0x1fff52e1   Thumb Code    12  anon$$obj.o(Veneer$$Code)
    Long Thumb to Thumb Veneer to GAP_TerminateLinkReq 0x1fff52ed   Thumb Code    12  anon$$obj.o(Veneer$$Code)
    Long Thumb to Thumb Veneer to GAP_ParamsInit 0x1fff52f9   Thumb Code    12  anon$$obj.o(Veneer$$Code)
    Long Thumb to Thumb Veneer to GAP_SecParamsInit 0x1fff5305   Thumb Code    12  anon$$obj.o(Veneer$$Code)
    Long Thumb to Thumb Veneer to GAP_PeriDevMgrInit 0x1fff5311   Thumb Code    12  anon$$obj.o(Veneer$$Code)
    Long Thumb to Thumb Veneer to SM_ResponderInit 0x1fff531d   Thumb Code    12  anon$$obj.o(Veneer$$Code)
    Long Thumb to Thumb Veneer to GATT_RegisterForReq 0x1fff5329   Thumb Code    12  anon$$obj.o(Veneer$$Code)
    Long Thumb to Thumb Veneer to linkDB_Register 0x1fff5335   Thumb Code    12  anon$$obj.o(Veneer$$Code)
    Long Thumb to Thumb Veneer to GATT_FindHandle 0x1fff5341   Thumb Code    12  anon$$obj.o(Veneer$$Code)
    Long Thumb to Thumb Veneer to GATT_FindNextAttr 0x1fff534d   Thumb Code    12  anon$$obj.o(Veneer$$Code)
    Long Thumb to Thumb Veneer to ATT_CompareUUID 0x1fff5359   Thumb Code    12  anon$$obj.o(Veneer$$Code)
    Long Thumb to Thumb Veneer to osal_strlen 0x1fff5365   Thumb Code    12  anon$$obj.o(Veneer$$Code)
    Long Thumb to Thumb Veneer to GATT_RegisterService 0x1fff5371   Thumb Code    12  anon$$obj.o(Veneer$$Code)
    Long Thumb to Thumb Veneer to osal_msg_allocate 0x1fff537d   Thumb Code    12  anon$$obj.o(Veneer$$Code)
    Long Thumb to Thumb Veneer to osal_msg_send 0x1fff5389   Thumb Code    12  anon$$obj.o(Veneer$$Code)
    Long Thumb to Thumb Veneer to GATT_ServiceChangedInd 0x1fff5395   Thumb Code    12  anon$$obj.o(Veneer$$Code)
    Long Thumb to Thumb Veneer to clock_time_rtc 0x1fff53a1   Thumb Code    12  anon$$obj.o(Veneer$$Code)
    Long Thumb to Thumb Veneer to pad_ds_control 0x1fff53ad   Thumb Code    12  anon$$obj.o(Veneer$$Code)
    Long Thumb to Thumb Veneer to osal_init_system 0x1fff53b9   Thumb Code    12  anon$$obj.o(Veneer$$Code)
    Long Thumb to Thumb Veneer to osal_pwrmgr_device 0x1fff53c5   Thumb Code    12  anon$$obj.o(Veneer$$Code)
    Long Thumb to Thumb Veneer to osal_start_system 0x1fff53d1   Thumb Code    12  anon$$obj.o(Veneer$$Code)
    Long Thumb to Thumb Veneer to GAP_Bond   0x1fff53dd   Thumb Code    12  anon$$obj.o(Veneer$$Code)
    Long Thumb to Thumb Veneer to osal_memcmp 0x1fff53e9   Thumb Code    12  anon$$obj.o(Veneer$$Code)
    Long Thumb to Thumb Veneer to GAP_ResolvePrivateAddr 0x1fff53f5   Thumb Code    12  anon$$obj.o(Veneer$$Code)
    Long Thumb to Thumb Veneer to GAP_SendSlaveSecurityRequest 0x1fff5401   Thumb Code    12  anon$$obj.o(Veneer$$Code)
    Long Thumb to Thumb Veneer to L2CAP_ConnParamUpdateReq 0x1fff540d   Thumb Code    12  anon$$obj.o(Veneer$$Code)
    Long Thumb to Thumb Veneer to linkDB_State 0x1fff5419   Thumb Code    12  anon$$obj.o(Veneer$$Code)
    Long Thumb to Thumb Veneer to ATT_ExchangeMTURsp 0x1fff5425   Thumb Code    12  anon$$obj.o(Veneer$$Code)
    Long Thumb to Thumb Veneer to ATT_ExecuteWriteRsp 0x1fff5431   Thumb Code    12  anon$$obj.o(Veneer$$Code)
    Long Thumb to Thumb Veneer to GATT_FindHandleUUID 0x1fff543d   Thumb Code    12  anon$$obj.o(Veneer$$Code)
    Long Thumb to Thumb Veneer to ATT_FindByTypeValueRsp 0x1fff5449   Thumb Code    12  anon$$obj.o(Veneer$$Code)
    Long Thumb to Thumb Veneer to ATT_ErrorRsp 0x1fff5455   Thumb Code    12  anon$$obj.o(Veneer$$Code)
    Long Thumb to Thumb Veneer to GATT_AppCompletedMsg 0x1fff5461   Thumb Code    12  anon$$obj.o(Veneer$$Code)
    Long Thumb to Thumb Veneer to ATT_PrepareWriteRsp 0x1fff546d   Thumb Code    12  anon$$obj.o(Veneer$$Code)
    Long Thumb to Thumb Veneer to ATT_ReadBlobRsp 0x1fff5479   Thumb Code    12  anon$$obj.o(Veneer$$Code)
    Long Thumb to Thumb Veneer to GATT_VerifyReadPermissions 0x1fff5485   Thumb Code    12  anon$$obj.o(Veneer$$Code)
    Long Thumb to Thumb Veneer to ATT_ReadByGrpTypeRsp 0x1fff5491   Thumb Code    12  anon$$obj.o(Veneer$$Code)
    Long Thumb to Thumb Veneer to ATT_ReadByTypeRsp 0x1fff549d   Thumb Code    12  anon$$obj.o(Veneer$$Code)
    Long Thumb to Thumb Veneer to ATT_ReadMultiRsp 0x1fff54a9   Thumb Code    12  anon$$obj.o(Veneer$$Code)
    Long Thumb to Thumb Veneer to ATT_ReadRsp 0x1fff54b5   Thumb Code    12  anon$$obj.o(Veneer$$Code)
    Long Thumb to Thumb Veneer to ATT_WriteRsp 0x1fff54c1   Thumb Code    12  anon$$obj.o(Veneer$$Code)
    Long Thumb to Thumb Veneer to osal_mem_alloc 0x1fff54cd   Thumb Code    12  anon$$obj.o(Veneer$$Code)
    Long Thumb to Thumb Veneer to strcpy     0x1fff54d9   Thumb Code    12  anon$$obj.o(Veneer$$Code)
    Long Thumb to Thumb Veneer to disableSleep 0x1fff54e5   Thumb Code    12  anon$$obj.o(Veneer$$Code)
    Long Thumb to Thumb Veneer to enableSleep 0x1fff54f1   Thumb Code    12  anon$$obj.o(Veneer$$Code)
    Long Thumb to Thumb Veneer to boot_init  0x1fff54fd   Thumb Code    12  anon$$obj.o(Veneer$$Code)
    Long Thumb to Thumb Veneer to wakeup_init 0x1fff5509   Thumb Code    12  anon$$obj.o(Veneer$$Code)
    Long Thumb to Thumb Veneer to osal_mem_set_heap 0x1fff5515   Thumb Code    12  anon$$obj.o(Veneer$$Code)
    Long Thumb to Thumb Veneer to LL_Init    0x1fff5521   Thumb Code    12  anon$$obj.o(Veneer$$Code)
    Long Thumb to Thumb Veneer to HCI_Init   0x1fff552d   Thumb Code    12  anon$$obj.o(Veneer$$Code)
    Long Thumb to Thumb Veneer to L2CAP_Init 0x1fff5539   Thumb Code    12  anon$$obj.o(Veneer$$Code)
    Long Thumb to Thumb Veneer to GAP_Init   0x1fff5545   Thumb Code    12  anon$$obj.o(Veneer$$Code)
    Long Thumb to Thumb Veneer to GATT_Init  0x1fff5551   Thumb Code    12  anon$$obj.o(Veneer$$Code)
    Long Thumb to Thumb Veneer to SM_Init    0x1fff555d   Thumb Code    12  anon$$obj.o(Veneer$$Code)
    Long Thumb to Thumb Veneer to strlen     0x1fff5569   Thumb Code    12  anon$$obj.o(Veneer$$Code)
    Long Thumb to Thumb Veneer to GATT_Notification 0x1fff5575   Thumb Code    12  anon$$obj.o(Veneer$$Code)
    DevInfo_AddService                       0x1fff5581   Thumb Code    14  devinfoservice.o(i.DevInfo_AddService)
    DevInfo_SetParameter                     0x1fff5599   Thumb Code    36  devinfoservice.o(i.DevInfo_SetParameter)
    GAPBondMgr_LinkEst                       0x1fff55c1   Thumb Code   242  gapbondmgr.o(i.GAPBondMgr_LinkEst)
    GAPBondMgr_Register                      0x1fff56bd   Thumb Code    28  gapbondmgr.o(i.GAPBondMgr_Register)
    GAPBondMgr_ResolveAddr                   0x1fff56e1   Thumb Code   118  gapbondmgr.o(i.GAPBondMgr_ResolveAddr)
    GAPRole_GetParameter                     0x1fff5759   Thumb Code   332  peripheral.o(i.GAPRole_GetParameter)
    GAPRole_Init                             0x1fff591d   Thumb Code    82  peripheral.o(i.GAPRole_Init)
    GAPRole_ProcessEvent                     0x1fff599d   Thumb Code   304  peripheral.o(i.GAPRole_ProcessEvent)
    GAPRole_SendUpdateParam                  0x1fff5af9   Thumb Code   102  peripheral.o(i.GAPRole_SendUpdateParam)
    GAPRole_SetParameter                     0x1fff5b79   Thumb Code   760  peripheral.o(i.GAPRole_SetParameter)
    GAPRole_StartDevice                      0x1fff5ecd   Thumb Code    32  peripheral.o(i.GAPRole_StartDevice)
    GAPRole_TerminateConnection              0x1fff5ef5   Thumb Code    30  peripheral.o(i.GAPRole_TerminateConnection)
    GAP_DeviceInit                           0x1fff5f21   Thumb Code    92  gap.o(i.GAP_DeviceInit)
    GATTServApp_AddService                   0x1fff5f7d   Thumb Code    30  gattservapp.o(i.GATTServApp_AddService)
    GATTServApp_Init                         0x1fff5fa5   Thumb Code    68  gattservapp.o(i.GATTServApp_Init)
    GATTServApp_InitCharCfg                  0x1fff5ffd   Thumb Code    70  gattservapp.o(i.GATTServApp_InitCharCfg)
    GATTServApp_ProcessCCCWriteReq           0x1fff6049   Thumb Code   108  gattservapp.o(i.GATTServApp_ProcessCCCWriteReq)
    GATTServApp_ProcessEvent                 0x1fff60b5   Thumb Code    66  gattservapp.o(i.GATTServApp_ProcessEvent)
    GATTServApp_ReadAttr                     0x1fff60fd   Thumb Code   662  gattservapp.o(i.GATTServApp_ReadAttr)
    GATTServApp_ReadCharCfg                  0x1fff63a1   Thumb Code    28  gattservapp.o(i.GATTServApp_ReadCharCfg)
    GATTServApp_RegisterForMsg               0x1fff63bd   Thumb Code     6  gattservapp.o(i.GATTServApp_RegisterForMsg)
    GATTServApp_RegisterService              0x1fff63c9   Thumb Code    50  gattservapp.o(i.GATTServApp_RegisterService)
    GATTServApp_SendCCCUpdatedEvent          0x1fff63fd   Thumb Code    58  gattservapp.o(i.GATTServApp_SendCCCUpdatedEvent)
    GATTServApp_SendServiceChangedInd        0x1fff643d   Thumb Code    38  gattservapp.o(i.GATTServApp_SendServiceChangedInd)
    GATTServApp_UpdateCharCfg                0x1fff6469   Thumb Code    38  gattservapp.o(i.GATTServApp_UpdateCharCfg)
    GATTServApp_WriteAttr                    0x1fff648f   Thumb Code    68  gattservapp.o(i.GATTServApp_WriteAttr)
    GATTServApp_WriteCharCfg                 0x1fff64d5   Thumb Code    48  gattservapp.o(i.GATTServApp_WriteCharCfg)
    GGS_AddService                           0x1fff6509   Thumb Code    30  gapgattserver.o(i.GGS_AddService)
    GGS_SetParameter                         0x1fff6531   Thumb Code   146  gapgattserver.o(i.GGS_SetParameter)
    SystemInit                               0x1fff65d5   Thumb Code     8  system_armcm0.o(i.SystemInit)
    WaitRTCCount                             0x1fff65e5   Thumb Code    42  common.o(i.WaitRTCCount)
    __0sprintf$3                             0x1fff6741   Thumb Code    36  printf3.o(i.__0sprintf$3)
    __1sprintf$3                             0x1fff6741   Thumb Code     0  printf3.o(i.__0sprintf$3)
    __2sprintf                               0x1fff6741   Thumb Code     0  printf3.o(i.__0sprintf$3)
    __ARM_clz                                0x1fff6769   Thumb Code    46  depilogue.o(i.__ARM_clz)
    __aeabi_errno_addr                       0x1fff6991   Thumb Code     4  errno.o(i.__aeabi_errno_addr)
    __rt_errno_addr                          0x1fff6991   Thumb Code     0  errno.o(i.__aeabi_errno_addr)
    __scatterload_copy                       0x1fff6999   Thumb Code    14  handlers.o(i.__scatterload_copy)
    __scatterload_null                       0x1fff69a7   Thumb Code     2  handlers.o(i.__scatterload_null)
    __scatterload_zeroinit                   0x1fff69a9   Thumb Code    14  handlers.o(i.__scatterload_zeroinit)
    adc_Init                                 0x1fff6c15   Thumb Code    14  adccaptrue.o(i.adc_Init)
    adc_ProcessEvent                         0x1fff6c29   Thumb Code   124  adccaptrue.o(i.adc_ProcessEvent)
    appWristInit                             0x1fff6d75   Thumb Code   284  app_wrist.o(i.appWristInit)
    appWristProcEvt                          0x1fff6ec5   Thumb Code   126  app_wrist.o(i.appWristProcEvt)
    app_datetime                             0x1fff6f55   Thumb Code   106  app_datetime.o(i.app_datetime)
    app_datetime_init                        0x1fff7065   Thumb Code    14  app_datetime.o(i.app_datetime_init)
    app_datetime_set                         0x1fff7079   Thumb Code   116  app_datetime.o(i.app_datetime_set)
    app_datetime_sync_handler                0x1fff7129   Thumb Code    58  app_datetime.o(i.app_datetime_sync_handler)
    app_main                                 0x1fff716d   Thumb Code    20  wrist_main.o(i.app_main)
    arry_sort                                0x1fff7181   Thumb Code    54  patch.o(i.arry_sort)
    check_chip_id                            0x1fff71b9   Thumb Code    26  flash_ext.o(i.check_chip_id)
    check_chip_mAddr                         0x1fff71d9   Thumb Code    26  flash_ext.o(i.check_chip_mAddr)
    clk_gate_disable                         0x1fff72fd   Thumb Code    28  clock.o(i.clk_gate_disable)
    clk_gate_enable                          0x1fff7319   Thumb Code    28  clock.o(i.clk_gate_enable)
    clk_pclk                                 0x1fff7335   Thumb Code     6  clock.o(i.clk_pclk)
    clk_reset                                0x1fff7341   Thumb Code    36  clock.o(i.clk_reset)
    cons_callback                            0x1fff755d   Thumb Code    44  main.o(i.cons_callback)
    console_init                             0x1fff75c1   Thumb Code    62  phy_console.o(i.console_init)
    console_parse_cmd                        0x1fff7615   Thumb Code   400  phy_console.o(i.console_parse_cmd)
    console_rx_handler                       0x1fff7899   Thumb Code   140  phy_console.o(i.console_rx_handler)
    console_sleep_handler                    0x1fff7929   Thumb Code    20  phy_console.o(i.console_sleep_handler)
    console_wakeup_handler                   0x1fff793d   Thumb Code    88  phy_console.o(i.console_wakeup_handler)
    gpio_pin0to3_pin31to34_control           0x1fff9291   Thumb Code    90  gpio.o(i.gpio_pin0to3_pin31to34_control)
    hal_ADC_IRQHandler                       0x1fff9489   Thumb Code   176  adc.o(i.hal_ADC_IRQHandler)
    hal_GPIO_IRQHandler                      0x1fff9549   Thumb Code    24  gpio.o(i.hal_GPIO_IRQHandler)
    hal_KSCAN_IRQHandler                     0x1fff9565   Thumb Code   154  kscan.o(i.hal_KSCAN_IRQHandler)
    hal_SPI0_IRQHandler                      0x1fff960d   Thumb Code    62  spi.o(i.hal_SPI0_IRQHandler)
    hal_SPI1_IRQHandler                      0x1fff9655   Thumb Code    62  spi.o(i.hal_SPI1_IRQHandler)
    hal_UART0_IRQHandler                     0x1fff969d   Thumb Code    70  uart.o(i.hal_UART0_IRQHandler)
    hal_adc_config_channel                   0x1fff96e9   Thumb Code   252  adc.o(i.hal_adc_config_channel)
    hal_adc_init                             0x1fff97f1   Thumb Code    24  adc.o(i.hal_adc_init)
    hal_adc_start                            0x1fff9869   Thumb Code    68  adc.o(i.hal_adc_start)
    hal_adc_stop                             0x1fff98c5   Thumb Code   142  adc.o(i.hal_adc_stop)
    hal_adc_value_cal                        0x1fff996d   Thumb Code   388  adc.o(i.hal_adc_value_cal)
    hal_gpio_cfg_analog_io                   0x1fff9afd   Thumb Code    62  gpio.o(i.hal_gpio_cfg_analog_io)
    hal_gpio_fmux                            0x1fff9b41   Thumb Code    68  gpio.o(i.hal_gpio_fmux)
    hal_gpio_fmux_set                        0x1fff9b89   Thumb Code    58  gpio.o(i.hal_gpio_fmux_set)
    hal_gpio_init                            0x1fff9bc9   Thumb Code    72  gpio.o(i.hal_gpio_init)
    hal_gpio_pin_init                        0x1fff9c25   Thumb Code   108  gpio.o(i.hal_gpio_pin_init)
    hal_gpio_pull_set                        0x1fff9c95   Thumb Code    82  gpio.o(i.hal_gpio_pull_set)
    hal_gpio_read                            0x1fff9ced   Thumb Code    86  gpio.o(i.hal_gpio_read)
    hal_gpio_wakeup_set                      0x1fff9d49   Thumb Code   112  gpio.o(i.hal_gpio_wakeup_set)
    hal_gpio_write                           0x1fff9dbd   Thumb Code    88  gpio.o(i.hal_gpio_write)
    hal_gpioin_enable                        0x1fff9e19   Thumb Code   174  gpio.o(i.hal_gpioin_enable)
    hal_pwm_close_channel                    0x1fff9f25   Thumb Code    24  pwm.o(i.hal_pwm_close_channel)
    hal_pwm_destroy                          0x1fff9f41   Thumb Code   154  pwm.o(i.hal_pwm_destroy)
    hal_pwm_init                             0x1fff9fe1   Thumb Code   100  pwm.o(i.hal_pwm_init)
    hal_pwm_open_channel                     0x1fffa049   Thumb Code    38  pwm.o(i.hal_pwm_open_channel)
    hal_pwm_set_count_val                    0x1fffa075   Thumb Code    86  pwm.o(i.hal_pwm_set_count_val)
    hal_pwm_start                            0x1fffa0d1   Thumb Code    38  pwm.o(i.hal_pwm_start)
    hal_pwm_stop                             0x1fffa0fd   Thumb Code    38  pwm.o(i.hal_pwm_stop)
    hal_pwrmgr_RAM_retention                 0x1fffa129   Thumb Code    28  pwrmgr.o(i.hal_pwrmgr_RAM_retention)
    hal_pwrmgr_RAM_retention_set             0x1fffa149   Thumb Code    20  pwrmgr.o(i.hal_pwrmgr_RAM_retention_set)
    hal_pwrmgr_init                          0x1fffa165   Thumb Code    54  pwrmgr.o(i.hal_pwrmgr_init)
    hal_pwrmgr_lock                          0x1fffa1a5   Thumb Code    96  pwrmgr.o(i.hal_pwrmgr_lock)
    hal_pwrmgr_register                      0x1fffa20d   Thumb Code    80  pwrmgr.o(i.hal_pwrmgr_register)
    hal_pwrmgr_sleep_process                 0x1fffa261   Thumb Code    62  pwrmgr.o(i.hal_pwrmgr_sleep_process)
    hal_pwrmgr_unlock                        0x1fffa2a5   Thumb Code   118  pwrmgr.o(i.hal_pwrmgr_unlock)
    hal_pwrmgr_wakeup_process                0x1fffa325   Thumb Code    58  pwrmgr.o(i.hal_pwrmgr_wakeup_process)
    hal_rom_code_ini                         0x1fffa3dd   Thumb Code    86  patch.o(i.hal_rom_code_ini)
    hal_rtc_clock_config                     0x1fffa441   Thumb Code   144  clock.o(i.hal_rtc_clock_config)
    hal_system_init                          0x1fffa4dd   Thumb Code   250  common.o(i.hal_system_init)
    hal_systick                              0x1fffa5f9   Thumb Code     6  clock.o(i.hal_systick)
    hal_uart_init                            0x1fffa605   Thumb Code    78  uart.o(i.hal_uart_init)
    hal_uart_send_buff                       0x1fffa65d   Thumb Code    34  uart.o(i.hal_uart_send_buff)
    init_config                              0x1fffa6fd   Thumb Code   426  patch.o(i.init_config)
    light_ctrl                               0x1fffaad9   Thumb Code    32  led_light.o(i.light_ctrl)
    light_init                               0x1fffaafd   Thumb Code    64  led_light.o(i.light_init)
    light_timeout_handle                     0x1fffacc9   Thumb Code   100  led_light.o(i.light_timeout_handle)
    ll_hw_go1                                0x1fffad31   Thumb Code   176  patch.o(i.ll_hw_go1)
    main                                     0x1fffaead   Thumb Code    48  main.o(i.main)
    on_recieved_cmd_packet                   0x1fffaee9   Thumb Code   178  wristservice.o(i.on_recieved_cmd_packet)
    osalInitTasks                            0x1fffafa9   Thumb Code   110  osal_wrist.o(i.osalInitTasks)
    osal_snv_read                            0x1fffb01d   Thumb Code    66  osal_snv.o(i.osal_snv_read)
    ota_app_AddService                       0x1fffb161   Thumb Code    48  ota_app_service.o(i.ota_app_AddService)
    phy_printf                               0x1fffb205   Thumb Code    56  my_printf.o(i.phy_printf)
    rc32k_calibration                        0x1fffb6e9   Thumb Code    86  patch.o(i.rc32k_calibration)
    rc32k_calibration_check                  0x1fffb749   Thumb Code    60  patch.o(i.rc32k_calibration_check)
    rc32k_tracking_check                     0x1fffb789   Thumb Code   104  patch.o(i.rc32k_tracking_check)
    read_chip_id                             0x1fffb7f9   Thumb Code    52  flash_ext.o(i.read_chip_id)
    read_chip_mAddr                          0x1fffb835   Thumb Code    56  flash_ext.o(i.read_chip_mAddr)
    rf_calibrate1                            0x1fffb8a9   Thumb Code    34  patch.o(i.rf_calibrate1)
    rf_phy_ana_cfg                           0x1fffb8d1   Thumb Code   190  rf_phy_driver.o(i.rf_phy_ana_cfg)
    rf_phy_bb_cfg                            0x1fffb9c1   Thumb Code   194  rf_phy_driver.o(i.rf_phy_bb_cfg)
    rf_phy_ini                               0x1fffbae1   Thumb Code    24  rf_phy_driver.o(i.rf_phy_ini)
    rf_phy_set_txPower                       0x1fffbb01   Thumb Code    42  rf_phy_driver.o(i.rf_phy_set_txPower)
    rf_rxDcoc_cfg                            0x1fffbb35   Thumb Code   220  rf_phy_driver.o(i.rf_rxDcoc_cfg)
    rf_tpCal_gen_cap_arrary                  0x1fffbc45   Thumb Code    60  rf_phy_driver.o(i.rf_tpCal_gen_cap_arrary)
    rf_tp_cal                                0x1fffbc91   Thumb Code   114  rf_phy_driver.o(i.rf_tp_cal)
    subWriteReg                              0x1fffc20d   Thumb Code    56  common.o(i.subWriteReg)
    timer_cnt_get                            0x1fffc245   Thumb Code    12  app_datetime.o(i.timer_cnt_get)
    wristProfile_AddService                  0x1fffc455   Thumb Code    34  wristservice.o(i.wristProfile_AddService)
    wristProfile_HandleConnStatusCB          0x1fffc48d   Thumb Code    42  wristservice.o(i.wristProfile_HandleConnStatusCB)
    s_cmd_list                               0x1fffc66c   Data          56  main.o(.constdata)
    devInfoServUUID                          0x1fffc6a4   Data           2  devinfoservice.o(.constdata)
    devInfoSystemIdUUID                      0x1fffc6a6   Data           2  devinfoservice.o(.constdata)
    devInfoModelNumberUUID                   0x1fffc6a8   Data           2  devinfoservice.o(.constdata)
    devInfoSerialNumberUUID                  0x1fffc6aa   Data           2  devinfoservice.o(.constdata)
    devInfoFirmwareRevUUID                   0x1fffc6ac   Data           2  devinfoservice.o(.constdata)
    devInfoHardwareRevUUID                   0x1fffc6ae   Data           2  devinfoservice.o(.constdata)
    devInfoSoftwareRevUUID                   0x1fffc6b0   Data           2  devinfoservice.o(.constdata)
    devInfoMfrNameUUID                       0x1fffc6b2   Data           2  devinfoservice.o(.constdata)
    devInfo11073CertUUID                     0x1fffc6b4   Data           2  devinfoservice.o(.constdata)
    devInfoPnpIdUUID                         0x1fffc6b6   Data           2  devinfoservice.o(.constdata)
    devInfoCBs                               0x1fffc734   Data          12  devinfoservice.o(.constdata)
    gattServiceCBs                           0x1fffc748   Data          12  gattservapp.o(.constdata)
    gapServiceCBs                            0x1fffc75c   Data          12  gapgattserver.o(.constdata)
    ota_ServiceUUID                          0x1fffc768   Data          16  ota_app_service.o(.constdata)
    ota_CommandUUID                          0x1fffc778   Data          16  ota_app_service.o(.constdata)
    ota_ResponseUUID                         0x1fffc788   Data          16  ota_app_service.o(.constdata)
    ota_ProfileCBs                           0x1fffc7a0   Data          12  ota_app_service.o(.constdata)
    tasksArr                                 0x1fffc7ac   Data          36  osal_wrist.o(.constdata)
    tasksCnt                                 0x1fffc7d0   Data           1  osal_wrist.o(.constdata)
    wristServUUID                            0x1fffc820   Data           2  wristservice.o(.constdata)
    wristProfilecharCommandUUID              0x1fffc822   Data           2  wristservice.o(.constdata)
    wristProfilecharReadonlyUUID             0x1fffc824   Data           2  wristservice.o(.constdata)
    wristProfileCBs                          0x1fffc830   Data          12  wristservice.o(.constdata)
    __ctype_table                            0x1fffc8bc   Data         129  ctype_o.o(.constdata)
    Region$$Table$$Base                      0x1fffc9a4   Number         0  anon$$obj.o(Region$$Table)
    Region$$Table$$Limit                     0x1fffc9f4   Number         0  anon$$obj.o(Region$$Table)
    g_clk32K_config                          0x1fffc9f4   Data           1  main.o(.data)
    GATTServApp_TaskID                       0x1fffcb40   Data           1  gattservapp.o(.data)
    appTaskID                                0x1fffcb41   Data           1  gattservapp.o(.data)
    gapRole_AdvEnabled                       0x1fffcc36   Data           1  peripheral.o(.data)
    gapRole_AdvEventType                     0x1fffcc5b   Data           1  peripheral.o(.data)
    s_ota_app                                0x1fffcd24   Data           7  ota_app_service.o(.data)
    tasksEvents                              0x1fffcd2c   Data           4  osal_wrist.o(.data)
    AppWrist_TaskID                          0x1fffcd30   Data           1  app_wrist.o(.data)
    adcDemo_TaskID                           0x1fffce1c   Data           1  adccaptrue.o(.data)
    put_char_size                            0x1fffce1e   Data           2  my_printf.o(.data)
    SystemCoreClock                          0x1fffce34   Data           4  system_armcm0.o(.data)
    pGlobal_config                           0x1fffce38   Data           4  patch.o(.data)
    g_rfPhyClkSel                            0x1fffce3c   Data           1  patch.o(.data)
    g_chipMAddr                              0x1fffce3d   Data           7  flash_ext.o(.data)
    g_largeHeap                              0x1fffce4c   Data        6144  main.o(.bss)
    put_char                                 0x1fffea58   Data         120  my_printf.o(.bss)
    m_uartCtx                                0x1fffeb28   Data          32  uart.o(.bss)
    s_cons_ctx                               0x1fffee14   Data        1036  phy_console.o(.bss)
    g_chipId                                 0x1ffff230   Data          65  flash_ext.o(.bss)
    __initial_sp                             0x1ffffaa0   Data           0  startup_armcm0.o(STACK)



==============================================================================

Memory Map of the image

  Image Entry point : 0x1fff48c1

  Load Region LR_IROM1 (Base: 0x1fff4800, Size: 0x0000864c, Max: 0x00018000, ABSOLUTE, COMPRESSED[0x0000837c])

    Execution Region ER_IROM1 (Base: 0x1fff4800, Size: 0x0000b2a0, Max: 0x00018000, ABSOLUTE, COMPRESSED[0x00000188])

    Base Addr    Size         Type   Attr      Idx    E Section Name        Object

    0x1fff4800   0x000000c0   Data   RO         3091    RESET               startup_armcm0.o
    0x1fff48c0   0x00000000   Code   RO         3325  * .ARM.Collect$$$$00000000  mc_p.l(entry.o)
    0x1fff48c0   0x00000004   Code   RO         3634    .ARM.Collect$$$$00000001  mc_p.l(entry2.o)
    0x1fff48c4   0x00000004   Code   RO         3637    .ARM.Collect$$$$00000004  mc_p.l(entry5.o)
    0x1fff48c8   0x00000000   Code   RO         3639    .ARM.Collect$$$$00000008  mc_p.l(entry7b.o)
    0x1fff48c8   0x00000000   Code   RO         3641    .ARM.Collect$$$$0000000A  mc_p.l(entry8b.o)
    0x1fff48c8   0x00000008   Code   RO         3642    .ARM.Collect$$$$0000000B  mc_p.l(entry9a.o)
    0x1fff48d0   0x00000000   Code   RO         3644    .ARM.Collect$$$$0000000D  mc_p.l(entry10a.o)
    0x1fff48d0   0x00000000   Code   RO         3646    .ARM.Collect$$$$0000000F  mc_p.l(entry11a.o)
    0x1fff48d0   0x00000004   Code   RO         3635    .ARM.Collect$$$$00002712  mc_p.l(entry2.o)
    0x1fff48d4   0x0000001c   Code   RO         3092    .text               startup_armcm0.o
    0x1fff48f0   0x00000060   Code   RO         3328    .text               mc_p.l(uldiv.o)
    0x1fff4950   0x0000007a   Code   RO         3330    .text               mc_p.l(llmul.o)
    0x1fff49ca   0x00000002   PAD
    0x1fff49cc   0x0000008c   Code   RO         3336    .text               mc_p.l(mktime.o)
    0x1fff4a58   0x00000024   Code   RO         3339    .text               mc_p.l(memcpya.o)
    0x1fff4a7c   0x00000024   Code   RO         3341    .text               mc_p.l(memseta.o)
    0x1fff4aa0   0x0000001c   Code   RO         3343    .text               mc_p.l(strcmp.o)
    0x1fff4abc   0x00000048   Code   RO         3345    .text               mc_p.l(strtok.o)
    0x1fff4b04   0x0000001a   Code   RO         3614    .text               mc_p.l(atoi.o)
    0x1fff4b1e   0x000000b2   Code   RO         3616    .text               mf_p.l(fadd.o)
    0x1fff4bd0   0x0000007a   Code   RO         3618    .text               mf_p.l(fmul.o)
    0x1fff4c4a   0x0000007c   Code   RO         3620    .text               mf_p.l(fdiv.o)
    0x1fff4cc6   0x00000002   PAD
    0x1fff4cc8   0x000000f0   Code   RO         3622    .text               mf_p.l(ddiv.o)
    0x1fff4db8   0x00000016   Code   RO         3624    .text               mf_p.l(fflti.o)
    0x1fff4dce   0x0000000e   Code   RO         3626    .text               mf_p.l(ffltui.o)
    0x1fff4ddc   0x00000028   Code   RO         3628    .text               mf_p.l(dflti.o)
    0x1fff4e04   0x00000038   Code   RO         3632    .text               mf_p.l(d2f.o)
    0x1fff4e3c   0x00000020   Code   RO         3651    .text               mc_p.l(llshl.o)
    0x1fff4e5c   0x00000022   Code   RO         3653    .text               mc_p.l(llushr.o)
    0x1fff4e7e   0x00000002   PAD
    0x1fff4e80   0x00000010   Code   RO         3655    .text               mc_p.l(localtime_w.o)
    0x1fff4e90   0x00000074   Code   RO         3658    .text               mc_p.l(localtime_i.o)
    0x1fff4f04   0x00000070   Code   RO         3668    .text               mc_p.l(strtol.o)
    0x1fff4f74   0x00000000   Code   RO         3670    .text               mc_p.l(iusefp.o)
    0x1fff4f74   0x00000082   Code   RO         3671    .text               mf_p.l(fepilogue.o)
    0x1fff4ff6   0x000000be   Code   RO         3673    .text               mf_p.l(depilogue.o)
    0x1fff50b4   0x00000024   Code   RO         3687    .text               mc_p.l(init.o)
    0x1fff50d8   0x00000008   Code   RO         3692    .text               mc_p.l(ctype_o.o)
    0x1fff50e0   0x000000a6   Code   RO         3720    .text               mc_p.l(_strtoul.o)
    0x1fff5186   0x0000001e   Code   RO         3723    .text               mc_p.l(_chval.o)
    0x1fff51a4   0x00000056   Code   RO         3732    .text               mc_p.l(__dczerorl2.o)
    0x1fff51fa   0x00000002   PAD
    0x1fff51fc   0x0000000c   Ven    RO         3734    Veneer$$Code        anon$$obj.o
    0x1fff5208   0x0000000c   Ven    RO         3735    Veneer$$Code        anon$$obj.o
    0x1fff5214   0x0000000c   Ven    RO         3736    Veneer$$Code        anon$$obj.o
    0x1fff5220   0x0000000c   Ven    RO         3737    Veneer$$Code        anon$$obj.o
    0x1fff522c   0x0000000c   Ven    RO         3738    Veneer$$Code        anon$$obj.o
    0x1fff5238   0x0000000c   Ven    RO         3739    Veneer$$Code        anon$$obj.o
    0x1fff5244   0x0000000c   Ven    RO         3740    Veneer$$Code        anon$$obj.o
    0x1fff5250   0x0000000c   Ven    RO         3741    Veneer$$Code        anon$$obj.o
    0x1fff525c   0x0000000c   Ven    RO         3742    Veneer$$Code        anon$$obj.o
    0x1fff5268   0x0000000c   Ven    RO         3743    Veneer$$Code        anon$$obj.o
    0x1fff5274   0x0000000c   Ven    RO         3744    Veneer$$Code        anon$$obj.o
    0x1fff5280   0x0000000c   Ven    RO         3745    Veneer$$Code        anon$$obj.o
    0x1fff528c   0x0000000c   Ven    RO         3746    Veneer$$Code        anon$$obj.o
    0x1fff5298   0x0000000c   Ven    RO         3747    Veneer$$Code        anon$$obj.o
    0x1fff52a4   0x0000000c   Ven    RO         3748    Veneer$$Code        anon$$obj.o
    0x1fff52b0   0x0000000c   Ven    RO         3749    Veneer$$Code        anon$$obj.o
    0x1fff52bc   0x0000000c   Ven    RO         3750    Veneer$$Code        anon$$obj.o
    0x1fff52c8   0x0000000c   Ven    RO         3751    Veneer$$Code        anon$$obj.o
    0x1fff52d4   0x0000000c   Ven    RO         3752    Veneer$$Code        anon$$obj.o
    0x1fff52e0   0x0000000c   Ven    RO         3753    Veneer$$Code        anon$$obj.o
    0x1fff52ec   0x0000000c   Ven    RO         3754    Veneer$$Code        anon$$obj.o
    0x1fff52f8   0x0000000c   Ven    RO         3755    Veneer$$Code        anon$$obj.o
    0x1fff5304   0x0000000c   Ven    RO         3756    Veneer$$Code        anon$$obj.o
    0x1fff5310   0x0000000c   Ven    RO         3757    Veneer$$Code        anon$$obj.o
    0x1fff531c   0x0000000c   Ven    RO         3758    Veneer$$Code        anon$$obj.o
    0x1fff5328   0x0000000c   Ven    RO         3759    Veneer$$Code        anon$$obj.o
    0x1fff5334   0x0000000c   Ven    RO         3760    Veneer$$Code        anon$$obj.o
    0x1fff5340   0x0000000c   Ven    RO         3761    Veneer$$Code        anon$$obj.o
    0x1fff534c   0x0000000c   Ven    RO         3762    Veneer$$Code        anon$$obj.o
    0x1fff5358   0x0000000c   Ven    RO         3763    Veneer$$Code        anon$$obj.o
    0x1fff5364   0x0000000c   Ven    RO         3764    Veneer$$Code        anon$$obj.o
    0x1fff5370   0x0000000c   Ven    RO         3765    Veneer$$Code        anon$$obj.o
    0x1fff537c   0x0000000c   Ven    RO         3766    Veneer$$Code        anon$$obj.o
    0x1fff5388   0x0000000c   Ven    RO         3767    Veneer$$Code        anon$$obj.o
    0x1fff5394   0x0000000c   Ven    RO         3768    Veneer$$Code        anon$$obj.o
    0x1fff53a0   0x0000000c   Ven    RO         3769    Veneer$$Code        anon$$obj.o
    0x1fff53ac   0x0000000c   Ven    RO         3770    Veneer$$Code        anon$$obj.o
    0x1fff53b8   0x0000000c   Ven    RO         3771    Veneer$$Code        anon$$obj.o
    0x1fff53c4   0x0000000c   Ven    RO         3772    Veneer$$Code        anon$$obj.o
    0x1fff53d0   0x0000000c   Ven    RO         3773    Veneer$$Code        anon$$obj.o
    0x1fff53dc   0x0000000c   Ven    RO         3774    Veneer$$Code        anon$$obj.o
    0x1fff53e8   0x0000000c   Ven    RO         3775    Veneer$$Code        anon$$obj.o
    0x1fff53f4   0x0000000c   Ven    RO         3776    Veneer$$Code        anon$$obj.o
    0x1fff5400   0x0000000c   Ven    RO         3777    Veneer$$Code        anon$$obj.o
    0x1fff540c   0x0000000c   Ven    RO         3778    Veneer$$Code        anon$$obj.o
    0x1fff5418   0x0000000c   Ven    RO         3779    Veneer$$Code        anon$$obj.o
    0x1fff5424   0x0000000c   Ven    RO         3780    Veneer$$Code        anon$$obj.o
    0x1fff5430   0x0000000c   Ven    RO         3781    Veneer$$Code        anon$$obj.o
    0x1fff543c   0x0000000c   Ven    RO         3782    Veneer$$Code        anon$$obj.o
    0x1fff5448   0x0000000c   Ven    RO         3783    Veneer$$Code        anon$$obj.o
    0x1fff5454   0x0000000c   Ven    RO         3784    Veneer$$Code        anon$$obj.o
    0x1fff5460   0x0000000c   Ven    RO         3785    Veneer$$Code        anon$$obj.o
    0x1fff546c   0x0000000c   Ven    RO         3786    Veneer$$Code        anon$$obj.o
    0x1fff5478   0x0000000c   Ven    RO         3787    Veneer$$Code        anon$$obj.o
    0x1fff5484   0x0000000c   Ven    RO         3788    Veneer$$Code        anon$$obj.o
    0x1fff5490   0x0000000c   Ven    RO         3789    Veneer$$Code        anon$$obj.o
    0x1fff549c   0x0000000c   Ven    RO         3790    Veneer$$Code        anon$$obj.o
    0x1fff54a8   0x0000000c   Ven    RO         3791    Veneer$$Code        anon$$obj.o
    0x1fff54b4   0x0000000c   Ven    RO         3792    Veneer$$Code        anon$$obj.o
    0x1fff54c0   0x0000000c   Ven    RO         3793    Veneer$$Code        anon$$obj.o
    0x1fff54cc   0x0000000c   Ven    RO         3794    Veneer$$Code        anon$$obj.o
    0x1fff54d8   0x0000000c   Ven    RO         3795    Veneer$$Code        anon$$obj.o
    0x1fff54e4   0x0000000c   Ven    RO         3796    Veneer$$Code        anon$$obj.o
    0x1fff54f0   0x0000000c   Ven    RO         3797    Veneer$$Code        anon$$obj.o
    0x1fff54fc   0x0000000c   Ven    RO         3798    Veneer$$Code        anon$$obj.o
    0x1fff5508   0x0000000c   Ven    RO         3799    Veneer$$Code        anon$$obj.o
    0x1fff5514   0x0000000c   Ven    RO         3800    Veneer$$Code        anon$$obj.o
    0x1fff5520   0x0000000c   Ven    RO         3801    Veneer$$Code        anon$$obj.o
    0x1fff552c   0x0000000c   Ven    RO         3802    Veneer$$Code        anon$$obj.o
    0x1fff5538   0x0000000c   Ven    RO         3803    Veneer$$Code        anon$$obj.o
    0x1fff5544   0x0000000c   Ven    RO         3804    Veneer$$Code        anon$$obj.o
    0x1fff5550   0x0000000c   Ven    RO         3805    Veneer$$Code        anon$$obj.o
    0x1fff555c   0x0000000c   Ven    RO         3806    Veneer$$Code        anon$$obj.o
    0x1fff5568   0x0000000c   Ven    RO         3807    Veneer$$Code        anon$$obj.o
    0x1fff5574   0x0000000c   Ven    RO         3808    Veneer$$Code        anon$$obj.o
    0x1fff5580   0x00000018   Code   RO          186    i.DevInfo_AddService  devinfoservice.o
    0x1fff5598   0x00000028   Code   RO          188    i.DevInfo_SetParameter  devinfoservice.o
    0x1fff55c0   0x000000fc   Code   RO          815    i.GAPBondMgr_LinkEst  gapbondmgr.o
    0x1fff56bc   0x00000024   Code   RO          819    i.GAPBondMgr_Register  gapbondmgr.o
    0x1fff56e0   0x00000076   Code   RO          820    i.GAPBondMgr_ResolveAddr  gapbondmgr.o
    0x1fff5756   0x00000002   PAD
    0x1fff5758   0x000001c4   Code   RO          701    i.GAPRole_GetParameter  peripheral.o
    0x1fff591c   0x00000080   Code   RO          702    i.GAPRole_Init      peripheral.o
    0x1fff599c   0x0000015c   Code   RO          703    i.GAPRole_ProcessEvent  peripheral.o
    0x1fff5af8   0x00000080   Code   RO          705    i.GAPRole_SendUpdateParam  peripheral.o
    0x1fff5b78   0x00000354   Code   RO          706    i.GAPRole_SetParameter  peripheral.o
    0x1fff5ecc   0x00000028   Code   RO          707    i.GAPRole_StartDevice  peripheral.o
    0x1fff5ef4   0x0000002c   Code   RO          708    i.GAPRole_TerminateConnection  peripheral.o
    0x1fff5f20   0x0000005c   Code   RO          602    i.GAP_DeviceInit    gap.o
    0x1fff5f7c   0x00000028   Code   RO          261    i.GATTServApp_AddService  gattservapp.o
    0x1fff5fa4   0x00000058   Code   RO          267    i.GATTServApp_Init  gattservapp.o
    0x1fff5ffc   0x0000004c   Code   RO          268    i.GATTServApp_InitCharCfg  gattservapp.o
    0x1fff6048   0x0000006c   Code   RO          269    i.GATTServApp_ProcessCCCWriteReq  gattservapp.o
    0x1fff60b4   0x00000048   Code   RO          271    i.GATTServApp_ProcessEvent  gattservapp.o
    0x1fff60fc   0x000002a4   Code   RO          272    i.GATTServApp_ReadAttr  gattservapp.o
    0x1fff63a0   0x0000001c   Code   RO          273    i.GATTServApp_ReadCharCfg  gattservapp.o
    0x1fff63bc   0x0000000c   Code   RO          274    i.GATTServApp_RegisterForMsg  gattservapp.o
    0x1fff63c8   0x00000032   Code   RO          275    i.GATTServApp_RegisterService  gattservapp.o
    0x1fff63fa   0x00000002   PAD
    0x1fff63fc   0x00000040   Code   RO          276    i.GATTServApp_SendCCCUpdatedEvent  gattservapp.o
    0x1fff643c   0x0000002c   Code   RO          277    i.GATTServApp_SendServiceChangedInd  gattservapp.o
    0x1fff6468   0x00000026   Code   RO          280    i.GATTServApp_UpdateCharCfg  gattservapp.o
    0x1fff648e   0x00000044   Code   RO          281    i.GATTServApp_WriteAttr  gattservapp.o
    0x1fff64d2   0x00000002   PAD
    0x1fff64d4   0x00000034   Code   RO          282    i.GATTServApp_WriteCharCfg  gattservapp.o
    0x1fff6508   0x00000028   Code   RO          622    i.GGS_AddService    gapgattserver.o
    0x1fff6530   0x000000a4   Code   RO          628    i.GGS_SetParameter  gapgattserver.o
    0x1fff65d4   0x00000010   Code   RO         3099    i.SystemInit        system_armcm0.o
    0x1fff65e4   0x00000030   Code   RO         1555    i.WaitRTCCount      common.o
    0x1fff6614   0x0000012c   Code   RO         1192    i.WristGapStateCB   app_wrist.o
    0x1fff6740   0x00000028   Code   RO         3444    i.__0sprintf$3      mc_p.l(printf3.o)
    0x1fff6768   0x0000002e   Code   RO         3675    i.__ARM_clz         mf_p.l(depilogue.o)
    0x1fff6796   0x00000002   PAD
    0x1fff6798   0x00000018   Code   RO         2116    i.__NVIC_EnableIRQ  gpio.o
    0x1fff67b0   0x00000078   Code   RO            3    i.__NVIC_SetPriority  main.o
    0x1fff6828   0x00000078   Code   RO         1947    i.__NVIC_SetPriority  uart.o
    0x1fff68a0   0x00000078   Code   RO         2117    i.__NVIC_SetPriority  gpio.o
    0x1fff6918   0x00000078   Code   RO         2346    i.__NVIC_SetPriority  adc.o
    0x1fff6990   0x00000008   Code   RO         3661    i.__aeabi_errno_addr  mc_p.l(errno.o)
    0x1fff6998   0x0000000e   Code   RO         3726    i.__scatterload_copy  mc_p.l(handlers.o)
    0x1fff69a6   0x00000002   Code   RO         3727    i.__scatterload_null  mc_p.l(handlers.o)
    0x1fff69a8   0x0000000e   Code   RO         3728    i.__scatterload_zeroinit  mc_p.l(handlers.o)
    0x1fff69b6   0x00000002   PAD
    0x1fff69b8   0x000001cc   Code   RO         3449    i._printf_core      mc_p.l(printf3.o)
    0x1fff6b84   0x0000000a   Code   RO         3451    i._sputc            mc_p.l(printf3.o)
    0x1fff6b8e   0x00000002   PAD
    0x1fff6b90   0x00000084   Code   RO         1502    i.adcMeasureTask    adccaptrue.o
    0x1fff6c14   0x00000014   Code   RO         1503    i.adc_Init          adccaptrue.o
    0x1fff6c28   0x000000b0   Code   RO         1504    i.adc_ProcessEvent  adccaptrue.o
    0x1fff6cd8   0x00000002   Code   RO         1505    i.adc_ProcessOSALMsg  adccaptrue.o
    0x1fff6cda   0x00000002   PAD
    0x1fff6cdc   0x0000008c   Code   RO         1506    i.adc_evt           adccaptrue.o
    0x1fff6d68   0x0000000c   Code   RO         2347    i.adc_wakeup_hdl    adc.o
    0x1fff6d74   0x00000150   Code   RO         1193    i.appWristInit      app_wrist.o
    0x1fff6ec4   0x0000008c   Code   RO         1194    i.appWristProcEvt   app_wrist.o
    0x1fff6f50   0x00000002   Code   RO         1195    i.appWristProcOSALMsg  app_wrist.o
    0x1fff6f52   0x00000002   PAD
    0x1fff6f54   0x0000007c   Code   RO         2988    i.app_datetime      app_datetime.o
    0x1fff6fd0   0x00000094   Code   RO         2989    i.app_datetime_adjust_baseline  app_datetime.o
    0x1fff7064   0x00000014   Code   RO         2991    i.app_datetime_init  app_datetime.o
    0x1fff7078   0x000000b0   Code   RO         2992    i.app_datetime_set  app_datetime.o
    0x1fff7128   0x00000044   Code   RO         2993    i.app_datetime_sync_handler  app_datetime.o
    0x1fff716c   0x00000014   Code   RO         1249    i.app_main          wrist_main.o
    0x1fff7180   0x00000036   Code   RO         3133    i.arry_sort         rf.lib(patch.o)
    0x1fff71b6   0x00000002   PAD
    0x1fff71b8   0x00000020   Code   RO         3246    i.check_chip_id     rf.lib(flash_ext.o)
    0x1fff71d8   0x00000020   Code   RO         3247    i.check_chip_mAddr  rf.lib(flash_ext.o)
    0x1fff71f8   0x0000006c   Code   RO         2995    i.check_default_datetime  app_datetime.o
    0x1fff7264   0x0000001c   Code   RO         1269    i.checksum          wristservice.o
    0x1fff7280   0x0000006c   Code   RO         3249    i.chip_id_one_bit_hot_convter  rf.lib(flash_ext.o)
    0x1fff72ec   0x00000010   Code   RO         2348    i.clear_adcc_cfg    adc.o
    0x1fff72fc   0x0000001c   Code   RO         2465    i.clk_gate_disable  clock.o
    0x1fff7318   0x0000001c   Code   RO         2466    i.clk_gate_enable   clock.o
    0x1fff7334   0x0000000c   Code   RO         2468    i.clk_pclk          clock.o
    0x1fff7340   0x00000024   Code   RO         2469    i.clk_reset         clock.o
    0x1fff7364   0x00000050   Code   RO         1270    i.cmd_get_time      wristservice.o
    0x1fff73b4   0x00000028   Code   RO         1271    i.cmd_light_ctrl    wristservice.o
    0x1fff73dc   0x00000012   Code   RO         1272    i.cmd_lookup_bracelet  wristservice.o
    0x1fff73ee   0x0000005a   Code   RO         1273    i.cmd_query_version  wristservice.o
    0x1fff7448   0x00000030   Code   RO         1274    i.cmd_response      wristservice.o
    0x1fff7478   0x00000060   Code   RO         1275    i.cmd_response_err  wristservice.o
    0x1fff74d8   0x00000084   Code   RO         1276    i.cmd_set_time      wristservice.o
    0x1fff755c   0x00000064   Code   RO            4    i.cons_callback     main.o
    0x1fff75c0   0x00000054   Code   RO         2940    i.console_init      phy_console.o
    0x1fff7614   0x00000284   Code   RO         2941    i.console_parse_cmd  phy_console.o
    0x1fff7898   0x00000090   Code   RO         2942    i.console_rx_handler  phy_console.o
    0x1fff7928   0x00000014   Code   RO         2943    i.console_sleep_handler  phy_console.o
    0x1fff793c   0x0000005c   Code   RO         2944    i.console_wakeup_handler  phy_console.o
    0x1fff7998   0x00000048   Code   RO         2996    i.datetime_print    app_datetime.o
    0x1fff79e0   0x00000214   Code   RO          189    i.devInfo_ReadAttrCB  devinfoservice.o
    0x1fff7bf4   0x00000030   Code   RO         2349    i.disable_analog_pin  adc.o
    0x1fff7c24   0x00000018   Code   RO         2997    i.dt_timer_start    app_datetime.o
    0x1fff7c3c   0x0000005e   Code   RO          827    i.gapBondMgrBondReq  gapbondmgr.o
    0x1fff7c9a   0x00000002   PAD
    0x1fff7c9c   0x00000030   Code   RO          832    i.gapBondMgrFindAddr  gapbondmgr.o
    0x1fff7ccc   0x00000034   Code   RO          835    i.gapBondMgrFindReconnectAddr  gapbondmgr.o
    0x1fff7d00   0x0000003a   Code   RO          836    i.gapBondMgrGetPublicAddr  gapbondmgr.o
    0x1fff7d3a   0x00000028   Code   RO          837    i.gapBondMgrGetStateFlags  gapbondmgr.o
    0x1fff7d62   0x00000028   Code   RO          838    i.gapBondMgrInvertCharCfgItem  gapbondmgr.o
    0x1fff7d8a   0x0000004a   Code   RO          840    i.gapBondMgrResolvePrivateAddr  gapbondmgr.o
    0x1fff7dd4   0x00000038   Code   RO          842    i.gapBondMgrSlaveSecurityReq  gapbondmgr.o
    0x1fff7e0c   0x00000050   Code   RO          709    i.gapRole_HandleParamUpdateNoSuccess  peripheral.o
    0x1fff7e5c   0x00000314   Code   RO          710    i.gapRole_ProcessGAPMsg  peripheral.o
    0x1fff8170   0x00000108   Code   RO          711    i.gapRole_ProcessOSALMsg  peripheral.o
    0x1fff8278   0x00000030   Code   RO          712    i.gapRole_SetupGAP  peripheral.o
    0x1fff82a8   0x000000a8   Code   RO          713    i.gapRole_startConnUpdate  peripheral.o
    0x1fff8350   0x00000060   Code   RO          284    i.gattServApp_EnqueuePrepareWriteReq  gattservapp.o
    0x1fff83b0   0x00000016   Code   RO          285    i.gattServApp_FindAuthorizeAttrCB  gattservapp.o
    0x1fff83c6   0x00000022   Code   RO          286    i.gattServApp_FindCharCfgItem  gattservapp.o
    0x1fff83e8   0x00000028   Code   RO          287    i.gattServApp_FindPrepareWriteQ  gattservapp.o
    0x1fff8410   0x00000016   Code   RO          288    i.gattServApp_FindReadAttrCB  gattservapp.o
    0x1fff8426   0x00000002   PAD
    0x1fff8428   0x00000020   Code   RO          289    i.gattServApp_FindServiceCBs  gattservapp.o
    0x1fff8448   0x00000016   Code   RO          290    i.gattServApp_FindWriteAttrCB  gattservapp.o
    0x1fff845e   0x00000002   PAD
    0x1fff8460   0x0000006c   Code   RO          291    i.gattServApp_HandleConnStatusCB  gattservapp.o
    0x1fff84cc   0x00000020   Code   RO          293    i.gattServApp_ProcessExchangeMTUReq  gattservapp.o
    0x1fff84ec   0x0000009c   Code   RO          294    i.gattServApp_ProcessExecuteWriteReq  gattservapp.o
    0x1fff8588   0x00000100   Code   RO          295    i.gattServApp_ProcessFindByTypeValueReq  gattservapp.o
    0x1fff8688   0x000000fc   Code   RO          296    i.gattServApp_ProcessMsg  gattservapp.o
    0x1fff8784   0x00000074   Code   RO          297    i.gattServApp_ProcessPrepareWriteReq  gattservapp.o
    0x1fff87f8   0x00000068   Code   RO          298    i.gattServApp_ProcessReadBlobReq  gattservapp.o
    0x1fff8860   0x00000170   Code   RO          299    i.gattServApp_ProcessReadByGrpTypeReq  gattservapp.o
    0x1fff89d0   0x0000013c   Code   RO          300    i.gattServApp_ProcessReadByTypeReq  gattservapp.o
    0x1fff8b0c   0x000000e4   Code   RO          301    i.gattServApp_ProcessReadMultiReq  gattservapp.o
    0x1fff8bf0   0x00000070   Code   RO          302    i.gattServApp_ProcessReadReq  gattservapp.o
    0x1fff8c60   0x00000092   Code   RO          303    i.gattServApp_ProcessWriteReq  gattservapp.o
    0x1fff8cf2   0x00000002   PAD
    0x1fff8cf4   0x00000050   Code   RO          305    i.gattServApp_RegisterServiceCBs  gattservapp.o
    0x1fff8d44   0x00000094   Code   RO          306    i.gattServApp_SetNumPrepareWrites  gattservapp.o
    0x1fff8dd8   0x00000060   Code   RO          307    i.gattServApp_WriteAttrCB  gattservapp.o
    0x1fff8e38   0x00000114   Code   RO         2998    i.get_default_tm    app_datetime.o
    0x1fff8f4c   0x00000034   Code   RO         2733    i.get_key_matrix    kscan.o
    0x1fff8f80   0x000000e0   Code   RO          629    i.ggs_ReadAttrCB    gapgattserver.o
    0x1fff9060   0x00000080   Code   RO          630    i.ggs_SetAttrWPermit  gapgattserver.o
    0x1fff90e0   0x00000154   Code   RO          631    i.ggs_WriteAttrCB   gapgattserver.o
    0x1fff9234   0x0000005c   Code   RO         2119    i.gpio_interrupt_enable  gpio.o
    0x1fff9290   0x00000060   Code   RO         2120    i.gpio_pin0to3_pin31to34_control  gpio.o
    0x1fff92f0   0x00000048   Code   RO         2121    i.gpio_sleep_handler  gpio.o
    0x1fff9338   0x00000038   Code   RO         2122    i.gpio_wakeup_handler  gpio.o
    0x1fff9370   0x00000098   Code   RO         2123    i.gpioin_event      gpio.o
    0x1fff9408   0x0000004c   Code   RO         2124    i.gpioin_event_pin  gpio.o
    0x1fff9454   0x00000034   Code   RO         2125    i.gpioin_wakeup_trigger  gpio.o
    0x1fff9488   0x000000c0   Code   RO         2350    i.hal_ADC_IRQHandler  adc.o
    0x1fff9548   0x0000001c   Code   RO         2126    i.hal_GPIO_IRQHandler  gpio.o
    0x1fff9564   0x000000a8   Code   RO         2734    i.hal_KSCAN_IRQHandler  kscan.o
    0x1fff960c   0x00000048   Code   RO         1744    i.hal_SPI0_IRQHandler  spi.o
    0x1fff9654   0x00000048   Code   RO         1745    i.hal_SPI1_IRQHandler  spi.o
    0x1fff969c   0x0000004c   Code   RO         1948    i.hal_UART0_IRQHandler  uart.o
    0x1fff96e8   0x00000108   Code   RO         2352    i.hal_adc_config_channel  adc.o
    0x1fff97f0   0x00000020   Code   RO         2353    i.hal_adc_init      adc.o
    0x1fff9810   0x00000058   Code   RO         2354    i.hal_adc_load_calibration_value  adc.o
    0x1fff9868   0x0000005c   Code   RO         2355    i.hal_adc_start     adc.o
    0x1fff98c4   0x000000a8   Code   RO         2356    i.hal_adc_stop      adc.o
    0x1fff996c   0x00000190   Code   RO         2358    i.hal_adc_value_cal  adc.o
    0x1fff9afc   0x00000044   Code   RO         2128    i.hal_gpio_cfg_analog_io  gpio.o
    0x1fff9b40   0x00000048   Code   RO         2130    i.hal_gpio_fmux     gpio.o
    0x1fff9b88   0x00000040   Code   RO         2131    i.hal_gpio_fmux_set  gpio.o
    0x1fff9bc8   0x0000005c   Code   RO         2132    i.hal_gpio_init     gpio.o
    0x1fff9c24   0x00000070   Code   RO         2141    i.hal_gpio_pin_init  gpio.o
    0x1fff9c94   0x00000058   Code   RO         2142    i.hal_gpio_pull_set  gpio.o
    0x1fff9cec   0x0000005c   Code   RO         2143    i.hal_gpio_read     gpio.o
    0x1fff9d48   0x00000074   Code   RO         2145    i.hal_gpio_wakeup_set  gpio.o
    0x1fff9dbc   0x0000005c   Code   RO         2146    i.hal_gpio_write    gpio.o
    0x1fff9e18   0x000000b4   Code   RO         2148    i.hal_gpioin_enable  gpio.o
    0x1fff9ecc   0x00000058   Code   RO            5    i.hal_init          main.o
    0x1fff9f24   0x0000001c   Code   RO         2642    i.hal_pwm_close_channel  pwm.o
    0x1fff9f40   0x000000a0   Code   RO         2643    i.hal_pwm_destroy   pwm.o
    0x1fff9fe0   0x00000068   Code   RO         2644    i.hal_pwm_init      pwm.o
    0x1fffa048   0x0000002c   Code   RO         2647    i.hal_pwm_open_channel  pwm.o
    0x1fffa074   0x0000005c   Code   RO         2648    i.hal_pwm_set_count_val  pwm.o
    0x1fffa0d0   0x0000002c   Code   RO         2649    i.hal_pwm_start     pwm.o
    0x1fffa0fc   0x0000002c   Code   RO         2650    i.hal_pwm_stop      pwm.o
    0x1fffa128   0x00000020   Code   RO         2530    i.hal_pwrmgr_RAM_retention  pwrmgr.o
    0x1fffa148   0x0000001c   Code   RO         2532    i.hal_pwrmgr_RAM_retention_set  pwrmgr.o
    0x1fffa164   0x00000040   Code   RO         2533    i.hal_pwrmgr_init   pwrmgr.o
    0x1fffa1a4   0x00000068   Code   RO         2535    i.hal_pwrmgr_lock   pwrmgr.o
    0x1fffa20c   0x00000054   Code   RO         2537    i.hal_pwrmgr_register  pwrmgr.o
    0x1fffa260   0x00000044   Code   RO         2538    i.hal_pwrmgr_sleep_process  pwrmgr.o
    0x1fffa2a4   0x00000080   Code   RO         2539    i.hal_pwrmgr_unlock  pwrmgr.o
    0x1fffa324   0x00000040   Code   RO         2541    i.hal_pwrmgr_wakeup_process  pwrmgr.o
    0x1fffa364   0x00000078   Code   RO            6    i.hal_rfphy_init    main.o
    0x1fffa3dc   0x00000064   Code   RO         3136    i.hal_rom_code_ini  rf.lib(patch.o)
    0x1fffa440   0x0000009c   Code   RO         2471    i.hal_rtc_clock_config  clock.o
    0x1fffa4dc   0x0000011c   Code   RO         1571    i.hal_system_init   common.o
    0x1fffa5f8   0x0000000c   Code   RO         2472    i.hal_systick       clock.o
    0x1fffa604   0x00000058   Code   RO         1950    i.hal_uart_init     uart.o
    0x1fffa65c   0x00000028   Code   RO         1951    i.hal_uart_send_buff  uart.o
    0x1fffa684   0x00000034   Code   RO         1031    i.handleConnStatusCB  ota_app_service.o
    0x1fffa6b8   0x00000044   Code   RO         1111    i.hard_fault        jump_table.o
    0x1fffa6fc   0x000001f4   Code   RO         3137    i.init_config       rf.lib(patch.o)
    0x1fffa8f0   0x00000044   Code   RO         2151    i.io_wakeup_control  gpio.o
    0x1fffa934   0x00000068   Code   RO         1954    i.irq_rx_handler    uart.o
    0x1fffa99c   0x000000a0   Code   RO         1955    i.irq_tx_empty_handler  uart.o
    0x1fffaa3c   0x0000009c   Code   RO         2740    i.kscan_compare_key  kscan.o
    0x1fffaad8   0x00000024   Code   RO         1450    i.light_ctrl        led_light.o
    0x1fffaafc   0x00000044   Code   RO         1451    i.light_init        led_light.o
    0x1fffab40   0x00000158   Code   RO         1452    i.light_reflash     led_light.o
    0x1fffac98   0x0000001c   Code   RO         1453    i.light_start_timer  led_light.o
    0x1fffacb4   0x00000014   Code   RO         1454    i.light_stop_timer  led_light.o
    0x1fffacc8   0x00000068   Code   RO         1455    i.light_timeout_handle  led_light.o
    0x1fffad30   0x000000e8   Code   RO         3138    i.ll_hw_go1         rf.lib(patch.o)
    0x1fffae18   0x00000094   Code   RO         1032    i.load_ota_version  ota_app_service.o
    0x1fffaeac   0x0000003c   Code   RO            7    i.main              main.o
    0x1fffaee8   0x000000c0   Code   RO         1277    i.on_recieved_cmd_packet  wristservice.o
    0x1fffafa8   0x00000074   Code   RO         1157    i.osalInitTasks     osal_wrist.o
    0x1fffb01c   0x00000058   Code   RO         2889    i.osal_snv_read     osal_snv.o
    0x1fffb074   0x00000030   Code   RO         1033    i.ota_ReadAttrCB    ota_app_service.o
    0x1fffb0a4   0x000000bc   Code   RO         1034    i.ota_WriteAttrCB   ota_app_service.o
    0x1fffb160   0x00000060   Code   RO         1035    i.ota_app_AddService  ota_app_service.o
    0x1fffb1c0   0x00000044   Code   RO         2152    i.pad_pe_control    gpio.o
    0x1fffb204   0x00000040   Code   RO         1689    i.phy_printf        my_printf.o
    0x1fffb244   0x00000174   Code   RO         1691    i.print             my_printf.o
    0x1fffb3b8   0x00000038   Code   RO         1278    i.print_hex         wristservice.o
    0x1fffb3f0   0x00000038   Code   RO         2891    i.print_hex         osal_snv.o
    0x1fffb428   0x00000034   Code   RO         2999    i.print_hex         app_datetime.o
    0x1fffb45c   0x00000034   Code   RO         1692    i.printchar         my_printf.o
    0x1fffb490   0x000000c6   Code   RO         1693    i.printi            my_printf.o
    0x1fffb556   0x00000082   Code   RO         1694    i.prints            my_printf.o
    0x1fffb5d8   0x00000110   Code   RO         1036    i.process_cmd       ota_app_service.o
    0x1fffb6e8   0x00000060   Code   RO         3141    i.rc32k_calibration  rf.lib(patch.o)
    0x1fffb748   0x00000040   Code   RO         3142    i.rc32k_calibration_check  rf.lib(patch.o)
    0x1fffb788   0x00000070   Code   RO         3143    i.rc32k_tracking_check  rf.lib(patch.o)
    0x1fffb7f8   0x0000003c   Code   RO         3255    i.read_chip_id      rf.lib(flash_ext.o)
    0x1fffb834   0x00000040   Code   RO         3256    i.read_chip_mAddr   rf.lib(flash_ext.o)
    0x1fffb874   0x00000032   Code   RO         1037    i.response          ota_app_service.o
    0x1fffb8a6   0x00000002   PAD
    0x1fffb8a8   0x00000028   Code   RO         3144    i.rf_calibrate1     rf.lib(patch.o)
    0x1fffb8d0   0x000000f0   Code   RO         3182    i.rf_phy_ana_cfg    rf.lib(rf_phy_driver.o)
    0x1fffb9c0   0x00000120   Code   RO         3183    i.rf_phy_bb_cfg     rf.lib(rf_phy_driver.o)
    0x1fffbae0   0x00000020   Code   RO         3199    i.rf_phy_ini        rf.lib(rf_phy_driver.o)
    0x1fffbb00   0x00000034   Code   RO         3200    i.rf_phy_set_txPower  rf.lib(rf_phy_driver.o)
    0x1fffbb34   0x00000110   Code   RO         3201    i.rf_rxDcoc_cfg     rf.lib(rf_phy_driver.o)
    0x1fffbc44   0x0000004c   Code   RO         3204    i.rf_tpCal_gen_cap_arrary  rf.lib(rf_phy_driver.o)
    0x1fffbc90   0x0000009c   Code   RO         3205    i.rf_tp_cal         rf.lib(rf_phy_driver.o)
    0x1fffbd2c   0x00000014   Code   RO            8    i.rf_wakeup_handler  main.o
    0x1fffbd40   0x00000056   Code   RO         2744    i.rmv_ghost_key     kscan.o
    0x1fffbd96   0x00000002   PAD
    0x1fffbd98   0x00000058   Code   RO         1038    i.sendNotify        ota_app_service.o
    0x1fffbdf0   0x00000020   Code   RO         2359    i.set_analog_pin    adc.o
    0x1fffbe10   0x0000004c   Code   RO         2360    i.set_channel       adc.o
    0x1fffbe5c   0x00000020   Code   RO         2361    i.set_differential_mode  adc.o
    0x1fffbe7c   0x00000018   Code   RO         1039    i.set_ota_mode      ota_app_service.o
    0x1fffbe94   0x00000164   Code   RO         2362    i.set_sampling_resolution  adc.o
    0x1fffbff8   0x0000002c   Code   RO         2363    i.set_single_mode   adc.o
    0x1fffc024   0x00000038   Code   RO         2892    i.snv_calc_addr     osal_snv.o
    0x1fffc05c   0x00000132   Code   RO         1774    i.spi_int_handle    spi.o
    0x1fffc18e   0x0000007e   Code   RO         1775    i.spis_int_handle   spi.o
    0x1fffc20c   0x00000038   Code   RO         1573    i.subWriteReg       common.o
    0x1fffc244   0x0000000c   Code   RO         3000    i.timer_cnt_get     app_datetime.o
    0x1fffc250   0x00000094   Code   RO         1956    i.txmit_buf_polling  uart.o
    0x1fffc2e4   0x000000a0   Code   RO         1957    i.txmit_buf_use_tx_buf  uart.o
    0x1fffc384   0x000000bc   Code   RO         1958    i.uart_hw_config    uart.o
    0x1fffc440   0x00000012   Code   RO         1196    i.wristCB           app_wrist.o
    0x1fffc452   0x00000002   PAD
    0x1fffc454   0x00000038   Code   RO         1283    i.wristProfile_AddService  wristservice.o
    0x1fffc48c   0x00000034   Code   RO         1284    i.wristProfile_HandleConnStatusCB  wristservice.o
    0x1fffc4c0   0x00000080   Code   RO         1285    i.wristProfile_Notify  wristservice.o
    0x1fffc540   0x0000007c   Code   RO         1286    i.wristProfile_ReadAttrCB  wristservice.o
    0x1fffc5bc   0x000000b0   Code   RO         1287    i.wristProfile_WriteAttrCB  wristservice.o
    0x1fffc66c   0x00000038   Data   RO           10    .constdata          main.o
    0x1fffc6a4   0x0000009c   Data   RO          190    .constdata          devinfoservice.o
    0x1fffc740   0x00000014   Data   RO          309    .constdata          gattservapp.o
    0x1fffc754   0x00000014   Data   RO          633    .constdata          gapgattserver.o
    0x1fffc768   0x00000044   Data   RO         1040    .constdata          ota_app_service.o
    0x1fffc7ac   0x00000025   Data   RO         1158    .constdata          osal_wrist.o
    0x1fffc7d1   0x00000003   PAD
    0x1fffc7d4   0x0000004c   Data   RO         1197    .constdata          app_wrist.o
    0x1fffc820   0x0000001c   Data   RO         1289    .constdata          wristservice.o
    0x1fffc83c   0x00000010   Data   RO         1507    .constdata          adccaptrue.o
    0x1fffc84c   0x0000000c   Data   RO         1960    .constdata          uart.o
    0x1fffc858   0x00000009   Data   RO         2365    .constdata          adc.o
    0x1fffc861   0x00000003   PAD
    0x1fffc864   0x00000010   Data   RO         2946    .constdata          phy_console.o
    0x1fffc874   0x00000030   Data   RO         3002    .constdata          app_datetime.o
    0x1fffc8a4   0x0000000c   Data   RO         3337    .constdata          mc_p.l(mktime.o)
    0x1fffc8b0   0x0000000c   Data   RO         3659    .constdata          mc_p.l(localtime_i.o)
    0x1fffc8bc   0x00000081   Data   RO         3693    .constdata          mc_p.l(ctype_o.o)
    0x1fffc93d   0x00000003   PAD
    0x1fffc940   0x00000004   Data   RO         3694    .constdata          mc_p.l(ctype_o.o)
    0x1fffc944   0x0000002d   Data   RO           11    .conststring        main.o
    0x1fffc971   0x00000003   PAD
    0x1fffc974   0x00000030   Data   RO         3003    .conststring        app_datetime.o
    0x1fffc9a4   0x00000050   Data   RO         3725    Region$$Table       anon$$obj.o
    0x1fffc9f4   0x00000001   Data   RW           12    .data               main.o
    0x1fffc9f5   0x00000003   PAD
    0x1fffc9f8   0x00000148   Data   RW          191    .data               devinfoservice.o
    0x1fffcb40   0x00000064   Data   RW          310    .data               gattservapp.o
    0x1fffcba4   0x00000084   Data   RW          634    .data               gapgattserver.o
    0x1fffcc28   0x00000068   Data   RW          715    .data               peripheral.o
    0x1fffcc90   0x00000026   Data   RW          851    .data               gapbondmgr.o
    0x1fffccb6   0x00000002   PAD
    0x1fffccb8   0x00000073   Data   RW         1041    .data               ota_app_service.o
    0x1fffcd2b   0x00000001   PAD
    0x1fffcd2c   0x00000004   Data   RW         1159    .data               osal_wrist.o
    0x1fffcd30   0x00000038   Data   RW         1198    .data               app_wrist.o
    0x1fffcd68   0x000000ad   Data   RW         1290    .data               wristservice.o
    0x1fffce15   0x00000001   PAD
    0x1fffce16   0x00000006   Data   RW         1456    .data               led_light.o
    0x1fffce1c   0x00000001   Data   RW         1508    .data               adccaptrue.o
    0x1fffce1d   0x00000001   PAD
    0x1fffce1e   0x00000002   Data   RW         1697    .data               my_printf.o
    0x1fffce20   0x00000006   Data   RW         2366    .data               adc.o
    0x1fffce26   0x00000002   PAD
    0x1fffce28   0x00000008   Data   RW         2544    .data               pwrmgr.o
    0x1fffce30   0x00000001   Data   RW         2747    .data               kscan.o
    0x1fffce31   0x00000003   PAD
    0x1fffce34   0x00000004   Data   RW         3100    .data               system_armcm0.o
    0x1fffce38   0x00000004   Data   RW         3152    .data               rf.lib(patch.o)
    0x1fffce3c   0x00000001   Data   RW         3153    .data               rf.lib(patch.o)
    0x1fffce3d   0x00000007   Data   RW         3258    .data               rf.lib(flash_ext.o)
    0x1fffce44   0x00000004   Data   RW         3346    .data               mc_p.l(strtok.o)
    0x1fffce48   0x00000004   Data   RW         3664    .data               mc_p.l(errno.o)
    0x1fffce4c   0x00001800   Zero   RW            9    .bss                main.o
    0x1fffe64c   0x000002e8   Zero   RW          308    .bss                gattservapp.o
    0x1fffe934   0x00000016   Zero   RW          632    .bss                gapgattserver.o
    0x1fffe94a   0x0000003f   Zero   RW          714    .bss                peripheral.o
    0x1fffe989   0x00000001   PAD
    0x1fffe98a   0x000000a6   Zero   RW          850    .bss                gapbondmgr.o
    0x1fffea30   0x00000028   Zero   RW         1288    .bss                wristservice.o
    0x1fffea58   0x00000078   Zero   RW         1695    .bss                my_printf.o
    0x1fffead0   0x00000058   Zero   RW         1776    .bss                spi.o
    0x1fffeb28   0x00000020   Zero   RW         1959    .bss                uart.o
    0x1fffeb48   0x000001c8   Zero   RW         2153    .bss                gpio.o
    0x1fffed10   0x00000028   Zero   RW         2364    .bss                adc.o
    0x1fffed38   0x00000078   Zero   RW         2543    .bss                pwrmgr.o
    0x1fffedb0   0x00000062   Zero   RW         2745    .bss                kscan.o
    0x1fffee12   0x00000002   PAD
    0x1fffee14   0x0000040c   Zero   RW         2945    .bss                phy_console.o
    0x1ffff220   0x00000010   Zero   RW         3001    .bss                app_datetime.o
    0x1ffff230   0x00000041   Zero   RW         3257    .bss                rf.lib(flash_ext.o)
    0x1ffff271   0x00000003   PAD
    0x1ffff274   0x0000002c   Zero   RW         3656    .bss                mc_p.l(localtime_w.o)
    0x1ffff2a0   0x00000800   Zero   RW         3089    STACK               startup_armcm0.o



  Load Region LR_IROM2 (Base: 0x1fff0800, Size: 0x00000800, Max: 0x00000800, ABSOLUTE, COMPRESSED[0x0000040c])

    Execution Region JUMP_TABLE (Base: 0x1fff0800, Size: 0x00000400, Max: 0x00000400, ABSOLUTE)

    Base Addr    Size         Type   Attr      Idx    E Section Name        Object

    0x1fff0800   0x00000400   Data   RO         1114    jump_table_mem_area  jump_table.o


    Execution Region GOLBAL_CONFIG (Base: 0x1fff0c00, Size: 0x00000400, Max: 0x00000400, ABSOLUTE, COMPRESSED[0x0000000c])

    Base Addr    Size         Type   Attr      Idx    E Section Name        Object

    0x1fff0c00   0x00000400   Data   RW         1113    global_config_area  jump_table.o


==============================================================================

Image component sizes


      Code (inc. data)   RO Data    RW Data    ZI Data      Debug   Object Name

      1972        174          9          6         40      18848   adc.o
       470        118         16          1          0       3811   adccaptrue.o
      1080        282         96          0         16       8694   app_datetime.o
       796        106         76         56          0       7263   app_wrist.o
       272         24          0          0          0       3105   clock.o
       388         40          0          0          0       2243   common.o
       596         58        156        328          0      20772   devinfoservice.o
        92         12          0          0          0       1281   gap.o
       868         36          0         38        166      11500   gapbondmgr.o
       896         52         20        132         22       6536   gapgattserver.o
      4202        248         20        100        744      31627   gattservapp.o
      1880        126          0          0        456      23059   gpio.o
        68         34       1024       1024          0       7376   jump_table.o
       462         22          0          1         98       4539   kscan.o
       600         32          0          6          0       7249   led_light.o
       508        146        101          1       6144      34963   main.o
       816         26          0          2        120       5774   my_printf.o
       200         44          0          0          0       2532   osal_snv.o
       116          6         37          4          0       1972   osal_wrist.o
       966        238         68        115          0      16173   ota_app_service.o
      3340        628          0        104         63      26632   peripheral.o
       984        274         16          0       1036       5194   phy_console.o
       516         38          0          0          0       4063   pwm.o
       572         56          0          8        120       7279   pwrmgr.o
         0          0          0          0          0      12028   simplekeys.o
       576         20          0          0         88       4603   spi.o
        28          8        192          0       2048        640   startup_armcm0.o
        16          8          0          4          0        711   system_armcm0.o
      1084         84         12          0         32      15076   uart.o
        20          0          0          0          0        475   wrist_main.o
      1316        146         28        173         40      31700   wristservice.o

    ----------------------------------------------------------------------
     26624       3386       1960       2116      11236     327718   Object Totals
       900        300         80          0          0          0   (incl. Generated)
        24          0          9         13          3          0   (incl. Padding)

    ----------------------------------------------------------------------

      Code (inc. data)   RO Data    RW Data    ZI Data      Debug   Library Member Name

        86          0          0          0          0          0   __dczerorl2.o
        30          0          0          0          0         60   _chval.o
       166          0          0          0          0         84   _strtoul.o
        26          0          0          0          0         72   atoi.o
         8          4        133          0          0         60   ctype_o.o
         0          0          0          0          0          0   entry.o
         0          0          0          0          0          0   entry10a.o
         0          0          0          0          0          0   entry11a.o
         8          4          0          0          0          0   entry2.o
         4          0          0          0          0          0   entry5.o
         0          0          0          0          0          0   entry7b.o
         0          0          0          0          0          0   entry8b.o
         8          4          0          0          0          0   entry9a.o
         8          4          0          4          0         60   errno.o
        30          0          0          0          0          0   handlers.o
        36          8          0          0          0         68   init.o
         0          0          0          0          0          0   iusefp.o
       122          0          0          0          0         84   llmul.o
        32          0          0          0          0         68   llshl.o
        34          0          0          0          0         68   llushr.o
       116         12         12          0          0         72   localtime_i.o
        16          6          0          0         44         68   localtime_w.o
        36          0          0          0          0         60   memcpya.o
        36          0          0          0          0        100   memseta.o
       140         16         12          0          0         72   mktime.o
       510          8          0          0          0        228   printf3.o
        28          0          0          0          0         68   strcmp.o
        72          4          0          4          0         72   strtok.o
       112          4          0          0          0         76   strtol.o
        96          0          0          0          0         84   uldiv.o
        56          0          0          0          0         68   d2f.o
       240          6          0          0          0         84   ddiv.o
       236          0          0          0          0        216   depilogue.o
        40          6          0          0          0         68   dflti.o
       178          0          0          0          0        108   fadd.o
       124          0          0          0          0         72   fdiv.o
       130          0          0          0          0        144   fepilogue.o
        22          0          0          0          0         68   fflti.o
        14          0          0          0          0         68   ffltui.o
       122          0          0          0          0         72   fmul.o
       296         28          0          7         65        364   flash_ext.o
      1198        182          0          5          0        600   patch.o
      1116        292          0          0          0        500   rf_phy_driver.o

    ----------------------------------------------------------------------
      5548        588        160         20        112       3956   Library Totals
        16          0          3          0          3          0   (incl. Padding)

    ----------------------------------------------------------------------

      Code (inc. data)   RO Data    RW Data    ZI Data      Debug   Library Name

      1760         74        157          8         44       1524   mc_p.l
      1162         12          0          0          0        968   mf_p.l
      2610        502          0         12         65       1464   rf.lib

    ----------------------------------------------------------------------
      5548        588        160         20        112       3956   Library Totals

    ----------------------------------------------------------------------

==============================================================================


      Code (inc. data)   RO Data    RW Data    ZI Data      Debug   

     32172       3974       2120       2136      11348     320150   Grand Totals
     32172       3974       2120        404      11348     320150   ELF Image Totals (compressed)
     32172       3974       2120        404          0          0   ROM Totals

==============================================================================

    Total RO  Size (Code + RO Data)                34292 (  33.49kB)
    Total RW  Size (RW Data + ZI Data)             13484 (  13.17kB)
    Total ROM Size (Code + RO Data + RW Data)      34696 (  33.88kB)

==============================================================================

